[     174ms] [LOG] Visibility threshold pct=50, Visibility threshold ms = 0 @ https://tag.durationmedia.net/sites/11159/dm.js:0
[     211ms] [LOG] Braze: Initialization Options: {
  "baseUrl": "sdk.iad-07.braze.com",
  "allowUserSuppliedJavascript": true,
  "enableLogging": true
} @ https://js.appboycdn.com/web-sdk/5.8/braze.no-amd.min.js:23
[     212ms] [LOG] Braze: Initialized for the Braze backend at "sdk.iad-07.braze.com" with API key "08279373-5f4c-4539-9a3e-117896d5ed15". @ https://js.appboycdn.com/web-sdk/5.8/braze.no-amd.min.js:23
[     224ms] [LOG] Main bundle loaded (base.twig) @ https://www.ksl.com/article/51611832/238m-upgrade-of-5600-south-i-15-interchange-in-roy-nearly-done-other-projects-continue:2611
[     267ms] [ERROR] Access to fetch at 'https://region-filter.rubyblu.com/check' from origin 'https://www.ksl.com' has been blocked by CORS policy: No 'Access-Control-Allow-Origin' header is present on the requested resource. @ https://www.ksl.com/article/51611832/238m-upgrade-of-5600-south-i-15-interchange-in-roy-nearly-done-other-projects-continue:0
[     267ms] [ERROR] Failed to load resource: net::ERR_FAILED @ https://region-filter.rubyblu.com/check:0
[     361ms] [WARNING] [GPT] PubAdsService.setTargeting is deprecated, use googletag.setConfig({targeting: ...}) instead.
https://goo.gle/gpt-message#170 @ https://securepubads.g.doubleclick.net/pagead/managed/js/gpt/m202608190101/pubads_impl.js?cb=122880556:18
[     361ms] [WARNING] [GPT] Slot.setTargeting is deprecated, use Slot.setConfig({targeting: ...}) instead.
https://goo.gle/gpt-message#171 @ https://securepubads.g.doubleclick.net/pagead/managed/js/gpt/m202608190101/pubads_impl.js?cb=122880556:18
[     625ms] [WARNING] [Audigent] script has already been initialised. Skip further execution @ https://a.ad.gt/api/v1/u/matches/454?_it=amazon:0
[     786ms] [WARNING] [Audigent] script has already been initialised. Skip further execution @ https://a.ad.gt/api/v1/u/matches/454?_it=0:0
[     838ms] [ERROR] Access to fetch at 'https://bpb.opendns.com/b/https/id.a-mx.com/sync/?tagId=&ref=null&u=https://www.ksl.com/article/51611832/238m-upgrade-of-5600-south-i-15-interchange-in-roy-nearly-done-other-projects-continue&tl=https://www.ksl.com/article/51611832/238m-upgrade-of-5600-south-i-15-interchange-in-roy-nearly-done-other-projects-continue&nf=0&rt=true&v=11.22.0&av=2.0&vg=voltaxPlayerPrebid&us_privacy=1---&am=ceef8c68-a2aa-47d9-81f7-e1dcc3a82025&gdpr=0&gdpr_consent=' (redirected from 'https://id.a-mx.com/sync/?tagId=&ref=null&u=https://www.ksl.com/article/51611832/238m-upgrade-of-5600-south-i-15-interchange-in-roy-nearly-done-other-projects-continue&tl=https://www.ksl.com/article/51611832/238m-upgrade-of-5600-south-i-15-interchange-in-roy-nearly-done-other-projects-continue&nf=0&rt=true&v=11.22.0&av=2.0&vg=voltaxPlayerPrebid&us_privacy=1---&am=ceef8c68-a2aa-47d9-81f7-e1dcc3a82025&gdpr=0&gdpr_consent=') from origin 'https://www.ksl.com' has been blocked by CORS policy: The value of the 'Access-Control-Allow-Origin' header in the response must not be the wildcard '*' when the request's credentials mode is 'include'. @ https://www.ksl.com/article/51611832/238m-upgrade-of-5600-south-i-15-interchange-in-roy-nearly-done-other-projects-continue:0
[     838ms] [ERROR] Failed to load resource: net::ERR_FAILED @ https://bpb.opendns.com/b/https/id.a-mx.com/sync/?tagId=&ref=null&u=https://www.ksl.com/article/51611832/238m-upgrade-of-5600-south-i-15-interchange-in-roy-nearly-done-other-projects-continue&tl=https://www.ksl.com/article/51611832/238m-upgrade-of-5600-south-i-15-interchange-in-roy-nearly-done-other-projects-continue&nf=0&rt=true&v=11.22.0&av=2.0&vg=voltaxPlayerPrebid&us_privacy=1---&am=ceef8c68-a2aa-47d9-81f7-e1dcc3a82025&gdpr=0&gdpr_consent=:0
[     838ms] [ERROR] Failed to load resource: the server responded with a status of 404 () @ https://sync.crwdcntrl.net/qmap?c=2700&tp=UNDR&gdpr=&gdpr_consent=&tpid=6ay5svzm87u89jfal5avjehri:0
[    1172ms] [WARNING] [Audigent] script has already been initialised. Skip further execution @ https://a.ad.gt/api/v1/u/matches/788?_it=tag:0
[    1312ms] [ERROR] Failed to load resource: net::ERR_NAME_NOT_RESOLVED @ https://ksl-d.openx.net/w/1.0/jstag?nc=6686-KSL_News:0
[    1917ms] [WARNING] An iframe which has both allow-scripts and allow-same-origin for its sandbox attribute can escape its sandboxing. @ https://adl.ksldigital.media/op.js:0
[    1960ms] [WARNING] An iframe which has both allow-scripts and allow-same-origin for its sandbox attribute can escape its sandboxing. @ https://adl.ksldigital.media/op.js:0
[    2001ms] [WARNING] An iframe which has both allow-scripts and allow-same-origin for its sandbox attribute can escape its sandboxing. @ https://adl.ksldigital.media/op.js:0
[    2151ms] [ERROR] Attestation check for Shared Storage on https://www.googleadservices.com failed. @ https://www.googleadservices.com/pagead/managed/js/activeview/current/reach_worklet.html:0
[    2156ms] [LOG] domain: s0.2mdn.net @ https://s0.2mdn.net/sadbundle/872722088387936256/TDIdynamic.js:0
[    2156ms] [LOG] url: https://www.ksl.com/ @ https://s0.2mdn.net/sadbundle/872722088387936256/TDIdynamic.js:0
[    2175ms] [ERROR] Attestation check for Shared Storage on https://www.googleadservices.com failed. @ https://www.googleadservices.com/pagead/managed/js/activeview/current/reach_worklet.html:0
[    2176ms] [ERROR] Attestation check for Shared Storage on https://www.googleadservices.com failed. @ https://www.googleadservices.com/pagead/managed/js/activeview/current/reach_worklet.html:0
[    2288ms] [WARNING] [Audigent] script has already been initialised. Skip further execution @ https://a.ad.gt/api/v1/u/matches/454?url=https%3A%2F%2Fwww.ksl.com%2Farticle%2F51611832%2F238m-upgrade-of-5600-south-i-15-interchange-in-roy-nearly-done-other-projects-continue&ref=https%3A%2F%2Fwww.ksl.com%2Farticle%2F51611832%2F238m-upgrade-of-5600-south-i-15-interchange-in-roy-nearly-done-other-projects-continue:0
[    2151ms] [ERROR] Attestation check for Shared Storage on https://www.googleadservices.com failed. @ https://www.googleadservices.com/pagead/managed/js/activeview/current/reach_worklet.html:0
[    2175ms] [ERROR] Attestation check for Shared Storage on https://www.googleadservices.com failed. @ https://www.googleadservices.com/pagead/managed/js/activeview/current/reach_worklet.html:0
[    2176ms] [ERROR] Attestation check for Shared Storage on https://www.googleadservices.com failed. @ https://www.googleadservices.com/pagead/managed/js/activeview/current/reach_worklet.html:0
[    2151ms] [ERROR] Attestation check for Shared Storage on https://www.googleadservices.com failed. @ https://www.googleadservices.com/pagead/managed/js/activeview/current/reach_worklet.html:0
[    2175ms] [ERROR] Attestation check for Shared Storage on https://www.googleadservices.com failed. @ https://www.googleadservices.com/pagead/managed/js/activeview/current/reach_worklet.html:0
[    2176ms] [ERROR] Attestation check for Shared Storage on https://www.googleadservices.com failed. @ https://www.googleadservices.com/pagead/managed/js/activeview/current/reach_worklet.html:0
[    2151ms] [ERROR] Attestation check for Shared Storage on https://www.googleadservices.com failed. @ https://www.googleadservices.com/pagead/managed/js/activeview/current/reach_worklet.html:0
[    2175ms] [ERROR] Attestation check for Shared Storage on https://www.googleadservices.com failed. @ https://www.googleadservices.com/pagead/managed/js/activeview/current/reach_worklet.html:0
[    2176ms] [ERROR] Attestation check for Shared Storage on https://www.googleadservices.com failed. @ https://www.googleadservices.com/pagead/managed/js/activeview/current/reach_worklet.html:0
[    2384ms] [WARNING] [Audigent] script has already been initialised. Skip further execution @ https://a.ad.gt/api/v1/u/matches/454?_it=amazon:0
[    2388ms] [ERROR] Attestation check for Shared Storage on https://www.googleadservices.com failed. @ https://www.googleadservices.com/pagead/managed/js/activeview/current/reach_worklet.html:0
[    2410ms] [ERROR] Attestation check for Shared Storage on https://www.googleadservices.com failed. @ https://www.googleadservices.com/pagead/managed/js/activeview/current/reach_worklet.html:0
[    2442ms] [ERROR] Attestation check for Shared Storage on https://www.googleadservices.com failed. @ https://www.googleadservices.com/pagead/managed/js/activeview/current/reach_worklet.html:0
[    2151ms] [ERROR] Attestation check for Shared Storage on https://www.googleadservices.com failed. @ https://www.googleadservices.com/pagead/managed/js/activeview/current/reach_worklet.html:0
[    2175ms] [ERROR] Attestation check for Shared Storage on https://www.googleadservices.com failed. @ https://www.googleadservices.com/pagead/managed/js/activeview/current/reach_worklet.html:0
[    2176ms] [ERROR] Attestation check for Shared Storage on https://www.googleadservices.com failed. @ https://www.googleadservices.com/pagead/managed/js/activeview/current/reach_worklet.html:0
[    2388ms] [ERROR] Attestation check for Shared Storage on https://www.googleadservices.com failed. @ https://www.googleadservices.com/pagead/managed/js/activeview/current/reach_worklet.html:0
[    2410ms] [ERROR] Attestation check for Shared Storage on https://www.googleadservices.com failed. @ https://www.googleadservices.com/pagead/managed/js/activeview/current/reach_worklet.html:0
[    2442ms] [ERROR] Attestation check for Shared Storage on https://www.googleadservices.com failed. @ https://www.googleadservices.com/pagead/managed/js/activeview/current/reach_worklet.html:0
[    2464ms] [TIMEEND] a: 0.0009765625 ms @ https://static.adsafeprotected.com/sca.17.6.4.js:31
[    2151ms] [ERROR] Attestation check for Shared Storage on https://www.googleadservices.com failed. @ https://www.googleadservices.com/pagead/managed/js/activeview/current/reach_worklet.html:0
[    2175ms] [ERROR] Attestation check for Shared Storage on https://www.googleadservices.com failed. @ https://www.googleadservices.com/pagead/managed/js/activeview/current/reach_worklet.html:0
[    2176ms] [ERROR] Attestation check for Shared Storage on https://www.googleadservices.com failed. @ https://www.googleadservices.com/pagead/managed/js/activeview/current/reach_worklet.html:0
[    2388ms] [ERROR] Attestation check for Shared Storage on https://www.googleadservices.com failed. @ https://www.googleadservices.com/pagead/managed/js/activeview/current/reach_worklet.html:0
[    2410ms] [ERROR] Attestation check for Shared Storage on https://www.googleadservices.com failed. @ https://www.googleadservices.com/pagead/managed/js/activeview/current/reach_worklet.html:0
[    2442ms] [ERROR] Attestation check for Shared Storage on https://www.googleadservices.com failed. @ https://www.googleadservices.com/pagead/managed/js/activeview/current/reach_worklet.html:0
[    2151ms] [ERROR] Attestation check for Shared Storage on https://www.googleadservices.com failed. @ https://www.googleadservices.com/pagead/managed/js/activeview/current/reach_worklet.html:0
[    2175ms] [ERROR] Attestation check for Shared Storage on https://www.googleadservices.com failed. @ https://www.googleadservices.com/pagead/managed/js/activeview/current/reach_worklet.html:0
[    2176ms] [ERROR] Attestation check for Shared Storage on https://www.googleadservices.com failed. @ https://www.googleadservices.com/pagead/managed/js/activeview/current/reach_worklet.html:0
[    2388ms] [ERROR] Attestation check for Shared Storage on https://www.googleadservices.com failed. @ https://www.googleadservices.com/pagead/managed/js/activeview/current/reach_worklet.html:0
[    2410ms] [ERROR] Attestation check for Shared Storage on https://www.googleadservices.com failed. @ https://www.googleadservices.com/pagead/managed/js/activeview/current/reach_worklet.html:0
[    2442ms] [ERROR] Attestation check for Shared Storage on https://www.googleadservices.com failed. @ https://www.googleadservices.com/pagead/managed/js/activeview/current/reach_worklet.html:0
[    2478ms] [ERROR] Attestation check for Shared Storage on https://www.googleadservices.com failed. @ https://www.googleadservices.com/pagead/managed/js/activeview/current/reach_worklet.html:0
[    2480ms] [ERROR] Attestation check for Shared Storage on https://www.googleadservices.com failed. @ https://www.googleadservices.com/pagead/managed/js/activeview/current/reach_worklet.html:0
[    2482ms] [ERROR] Attestation check for Shared Storage on https://www.googleadservices.com failed. @ https://www.googleadservices.com/pagead/managed/js/activeview/current/reach_worklet.html:0
[    2575ms] [WARNING] [Audigent] script has already been initialised. Skip further execution @ https://a.ad.gt/api/v1/u/matches/788?_it=tag:0
[    2730ms] [ERROR] Access to fetch at 'https://bpb.opendns.com/b/https/id.a-mx.com/sync/?tagId=&ref=null&u=https://www.ksl.com/article/51611832/238m-upgrade-of-5600-south-i-15-interchange-in-roy-nearly-done-other-projects-continue&tl=https://www.ksl.com/article/51611832/238m-upgrade-of-5600-south-i-15-interchange-in-roy-nearly-done-other-projects-continue&nf=1&rt=true&v=11.22.0&av=2.0&vg=voltaxPlayerPrebid&us_privacy=1---&am=ceef8c68-a2aa-47d9-81f7-e1dcc3a82025&gdpr=0&gdpr_consent=' (redirected from 'https://id.a-mx.com/sync/?tagId=&ref=null&u=https://www.ksl.com/article/51611832/238m-upgrade-of-5600-south-i-15-interchange-in-roy-nearly-done-other-projects-continue&tl=https://www.ksl.com/article/51611832/238m-upgrade-of-5600-south-i-15-interchange-in-roy-nearly-done-other-projects-continue&nf=1&rt=true&v=11.22.0&av=2.0&vg=voltaxPlayerPrebid&us_privacy=1---&am=ceef8c68-a2aa-47d9-81f7-e1dcc3a82025&gdpr=0&gdpr_consent=') from origin 'https://www.ksl.com' has been blocked by CORS policy: The value of the 'Access-Control-Allow-Origin' header in the response must not be the wildcard '*' when the request's credentials mode is 'include'. @ https://www.ksl.com/article/51611832/238m-upgrade-of-5600-south-i-15-interchange-in-roy-nearly-done-other-projects-continue:0
[    2730ms] [ERROR] Failed to load resource: net::ERR_FAILED @ https://bpb.opendns.com/b/https/id.a-mx.com/sync/?tagId=&ref=null&u=https://www.ksl.com/article/51611832/238m-upgrade-of-5600-south-i-15-interchange-in-roy-nearly-done-other-projects-continue&tl=https://www.ksl.com/article/51611832/238m-upgrade-of-5600-south-i-15-interchange-in-roy-nearly-done-other-projects-continue&nf=1&rt=true&v=11.22.0&av=2.0&vg=voltaxPlayerPrebid&us_privacy=1---&am=ceef8c68-a2aa-47d9-81f7-e1dcc3a82025&gdpr=0&gdpr_consent=:0
[    3169ms] [WARNING] [Audigent] cannot find __gpp framework @ https://a.ad.gt/api/v1/u/matches/788?url=https%3A%2F%2Fwww.ksl.com%2Farticle%2F51611832%2F238m-upgrade-of-5600-south-i-15-interchange-in-roy-nearly-done-other-projects-continue&ref=https%3A%2F%2Fwww.ksl.com%2Farticle%2F51611832%2F238m-upgrade-of-5600-south-i-15-interchange-in-roy-nearly-done-other-projects-continue:0
[    3234ms] [WARNING] [Audigent] cannot access to window.top: skip check and continue SecurityError: Failed to read a named property 'document' from 'Window': Blocked a frame with origin "https://5bbb0f747aef14b68797d9ad9871cb60.safeframe.googlesyndication.com" from accessing a cross-origin frame.
    at https://cdn.hadronid.net/hadron.js?url=https%3A%2F%2F5bbb0f747aef14b68797d9ad9871cb60.safeframe.googlesyndication.com%2Fsafeframe%2F1-0-45%2Fhtml%2Fcontainer.html&ref=https%3A%2F%2F5bbb0f747aef14b68797d9ad9871cb60.safeframe.googlesyndication.com%2Fsafeframe%2F1-0-45%2Fhtml%2Fcontainer.html&_it=tag&partner_id=788&ha=ha:1:57991
    at Module.<anonymous> (https://cdn.hadronid.net/hadron.js?url=https%3A%2F%2F5bbb0f747aef14b68797d9ad9871cb60.safeframe.googlesyndication.com%2Fsafeframe%2F1-0-45%2Fhtml%2Fcontainer.html&ref=https%3A%2F%2F5bbb0f747aef14b68797d9ad9871cb60.safeframe.googlesyndication.com%2Fsafeframe%2F1-0-45%2Fhtml%2Fcontainer.html&_it=tag&partner_id=788&ha=ha:1:59275)
    at n (https://cdn.hadronid.net/hadron.js?url=https%3A%2F%2F5bbb0f747aef14b68797d9ad9871cb60.safeframe.googlesyndication.com%2Fsafeframe%2F1-0-45%2Fhtml%2Fcontainer.html&ref=https%3A%2F%2F5bbb0f747aef14b68797d9ad9871cb60.safeframe.googlesyndication.com%2Fsafeframe%2F1-0-45%2Fhtml%2Fcontainer.html&_it=tag&partner_id=788&ha=ha:1:110)
    at https://cdn.hadronid.net/hadron.js?url=https%3A%2F%2F5bbb0f747aef14b68797d9ad9871cb60.safeframe.googlesyndication.com%2Fsafeframe%2F1-0-45%2Fhtml%2Fcontainer.html&ref=https%3A%2F%2F5bbb0f747aef14b68797d9ad9871cb60.safeframe.googlesyndication.com%2Fsafeframe%2F1-0-45%2Fhtml%2Fcontainer.html&_it=tag&partner_id=788&ha=ha:1:902
    at https://cdn.hadronid.net/hadron.js?url=https%3A%2F%2F5bbb0f747aef14b68797d9ad9871cb60.safeframe.googlesyndication.com%2Fsafeframe%2F1-0-45%2Fhtml%2Fcontainer.html&ref=https%3A%2F%2F5bbb0f747aef14b68797d9ad9871cb60.safeframe.googlesyndication.com%2Fsafeframe%2F1-0-45%2Fhtml%2Fcontainer.html&_it=tag&partner_id=788&ha=ha:1:911 @ https://cdn.hadronid.net/hadron.js?url=https%3A%2F%2F5bbb0f747aef14b68797d9ad9871cb60.safeframe.googlesyndication.com%2Fsafeframe%2F1-0-45%2Fhtml%2Fcontainer.html&ref=https%3A%2F%2F5bbb0f747aef14b68797d9ad9871cb60.safeframe.googlesyndication.com%2Fsafeframe%2F1-0-45%2Fhtml%2Fcontainer.html&_it=tag&partner_id=788&ha=ha:0
[    3291ms] [WARNING] [Audigent] cannot access to window.top: skip check and continue SecurityError: Failed to read a named property 'document' from 'Window': Blocked a frame with origin "https://5bbb0f747aef14b68797d9ad9871cb60.safeframe.googlesyndication.com" from accessing a cross-origin frame.
    at https://cdn.hadronid.net/hadron.js?partner_id=788&sync=1&url=https%3A%2F%2F5bbb0f747aef14b68797d9ad9871cb60.safeframe.googlesyndication.com%2Fsafeframe%2F1-0-45%2Fhtml%2Fcontainer.html:1:57991
    at Module.<anonymous> (https://cdn.hadronid.net/hadron.js?partner_id=788&sync=1&url=https%3A%2F%2F5bbb0f747aef14b68797d9ad9871cb60.safeframe.googlesyndication.com%2Fsafeframe%2F1-0-45%2Fhtml%2Fcontainer.html:1:59275)
    at n (https://cdn.hadronid.net/hadron.js?partner_id=788&sync=1&url=https%3A%2F%2F5bbb0f747aef14b68797d9ad9871cb60.safeframe.googlesyndication.com%2Fsafeframe%2F1-0-45%2Fhtml%2Fcontainer.html:1:110)
    at https://cdn.hadronid.net/hadron.js?partner_id=788&sync=1&url=https%3A%2F%2F5bbb0f747aef14b68797d9ad9871cb60.safeframe.googlesyndication.com%2Fsafeframe%2F1-0-45%2Fhtml%2Fcontainer.html:1:902
    at https://cdn.hadronid.net/hadron.js?partner_id=788&sync=1&url=https%3A%2F%2F5bbb0f747aef14b68797d9ad9871cb60.safeframe.googlesyndication.com%2Fsafeframe%2F1-0-45%2Fhtml%2Fcontainer.html:1:911 @ https://cdn.hadronid.net/hadron.js?partner_id=788&sync=1&url=https%3A%2F%2F5bbb0f747aef14b68797d9ad9871cb60.safeframe.googlesyndication.com%2Fsafeframe%2F1-0-45%2Fhtml%2Fcontainer.html:0
[    3420ms] [WARNING] [Audigent] script has already been initialised. Skip further execution @ https://a.ad.gt/api/v1/u/matches/788?_it=tag:0
[    2151ms] [ERROR] Attestation check for Shared Storage on https://www.googleadservices.com failed. @ https://www.googleadservices.com/pagead/managed/js/activeview/current/reach_worklet.html:0
[    2175ms] [ERROR] Attestation check for Shared Storage on https://www.googleadservices.com failed. @ https://www.googleadservices.com/pagead/managed/js/activeview/current/reach_worklet.html:0
[    2176ms] [ERROR] Attestation check for Shared Storage on https://www.googleadservices.com failed. @ https://www.googleadservices.com/pagead/managed/js/activeview/current/reach_worklet.html:0
[    2388ms] [ERROR] Attestation check for Shared Storage on https://www.googleadservices.com failed. @ https://www.googleadservices.com/pagead/managed/js/activeview/current/reach_worklet.html:0
[    2410ms] [ERROR] Attestation check for Shared Storage on https://www.googleadservices.com failed. @ https://www.googleadservices.com/pagead/managed/js/activeview/current/reach_worklet.html:0
[    2442ms] [ERROR] Attestation check for Shared Storage on https://www.googleadservices.com failed. @ https://www.googleadservices.com/pagead/managed/js/activeview/current/reach_worklet.html:0
[    2478ms] [ERROR] Attestation check for Shared Storage on https://www.googleadservices.com failed. @ https://www.googleadservices.com/pagead/managed/js/activeview/current/reach_worklet.html:0
[    2480ms] [ERROR] Attestation check for Shared Storage on https://www.googleadservices.com failed. @ https://www.googleadservices.com/pagead/managed/js/activeview/current/reach_worklet.html:0
[    2482ms] [ERROR] Attestation check for Shared Storage on https://www.googleadservices.com failed. @ https://www.googleadservices.com/pagead/managed/js/activeview/current/reach_worklet.html:0
[    3469ms] [ERROR] Attestation check for Shared Storage on https://www.googleadservices.com failed. @ https://www.googleadservices.com/pagead/managed/js/activeview/current/reach_worklet.html:0
[    3715ms] [ERROR] Failed to load resource: net::ERR_CONNECTION_CLOSED @ https://csync.loopme.me/?pubid=12754&gdpr=&gdpr_consent=&redirect=https%3A%2F%2Frouter.infolinks.com%2Fdyn%2Flopm-usync%3Fuser_id%3D%7Bviewer_token%7D:0
[    4018ms] [WARNING] [Audigent] cannot find __gpp framework @ https://a.ad.gt/api/v1/u/matches/788?url=https%3A%2F%2F5bbb0f747aef14b68797d9ad9871cb60.safeframe.googlesyndication.com%2Fsafeframe%2F1-0-45%2Fhtml%2Fcontainer.html&ref=https%3A%2F%2F5bbb0f747aef14b68797d9ad9871cb60.safeframe.googlesyndication.com%2Fsafeframe%2F1-0-45%2Fhtml%2Fcontainer.html:0
[    7209ms] [ERROR] Failed to load resource: net::ERR_CONNECTION_CLOSED @ https://tracker.rtb-oveeo.com/sync?redirect=https%3A%2F%2Frouter.infolinks.com%2Fdyn%2Fove-us%3Fuser_id%3D%7BPLL_USER_ID%7D%20:0
