[     188ms] [LOG] Visibility threshold pct=50, Visibility threshold ms = 0 @ https://tag.durationmedia.net/sites/11159/dm.js:0
[     256ms] [LOG] Braze: Initialization Options: {
  "baseUrl": "sdk.iad-07.braze.com",
  "allowUserSuppliedJavascript": true,
  "enableLogging": true
} @ https://js.appboycdn.com/web-sdk/5.8/braze.no-amd.min.js:23
[     259ms] [LOG] Braze: Initialized for the Braze backend at "sdk.iad-07.braze.com" with API key "08279373-5f4c-4539-9a3e-117896d5ed15". @ https://js.appboycdn.com/web-sdk/5.8/braze.no-amd.min.js:23
[     272ms] [LOG] Main bundle loaded (base.twig) @ https://www.ksl.com/article/51614352/utah-gov-spencer-cox-becomes-grandfather-for-first-time:2510
[     397ms] [ERROR] Access to fetch at 'https://region-filter.rubyblu.com/check' from origin 'https://www.ksl.com' has been blocked by CORS policy: No 'Access-Control-Allow-Origin' header is present on the requested resource. @ https://www.ksl.com/article/51614352/utah-gov-spencer-cox-becomes-grandfather-for-first-time:0
[     397ms] [ERROR] Failed to load resource: net::ERR_FAILED @ https://region-filter.rubyblu.com/check:0
[     404ms] [WARNING] [GPT] PubAdsService.setTargeting is deprecated, use googletag.setConfig({targeting: ...}) instead.
https://goo.gle/gpt-message#170 @ https://securepubads.g.doubleclick.net/pagead/managed/js/gpt/m202608190101/pubads_impl.js?cb=122880556:18
[     405ms] [WARNING] [GPT] Slot.setTargeting is deprecated, use Slot.setConfig({targeting: ...}) instead.
https://goo.gle/gpt-message#171 @ https://securepubads.g.doubleclick.net/pagead/managed/js/gpt/m202608190101/pubads_impl.js?cb=122880556:18
[     773ms] [WARNING] [Audigent] script has already been initialised. Skip further execution @ https://a.ad.gt/api/v1/u/matches/454?_it=amazon:0
[     888ms] [ERROR] Failed to load resource: the server responded with a status of 404 () @ https://sync.crwdcntrl.net/qmap?c=2700&tp=UNDR&gdpr=&gdpr_consent=&tpid=6ay5svzm87u89jfal5avjehri:0
[     930ms] [WARNING] [Audigent] script has already been initialised. Skip further execution @ https://a.ad.gt/api/v1/u/matches/454?_it=0:0
[    1031ms] [ERROR] Access to fetch at 'https://bpb.opendns.com/b/https/id.a-mx.com/sync/?tagId=&ref=null&u=https://www.ksl.com/article/51614352/utah-gov-spencer-cox-becomes-grandfather-for-first-time&tl=https://www.ksl.com/article/51614352/utah-gov-spencer-cox-becomes-grandfather-for-first-time&nf=0&rt=true&v=11.22.0&av=2.0&vg=voltaxPlayerPrebid&us_privacy=1---&am=ceef8c68-a2aa-47d9-81f7-e1dcc3a82025&gdpr=0&gdpr_consent=' (redirected from 'https://id.a-mx.com/sync/?tagId=&ref=null&u=https://www.ksl.com/article/51614352/utah-gov-spencer-cox-becomes-grandfather-for-first-time&tl=https://www.ksl.com/article/51614352/utah-gov-spencer-cox-becomes-grandfather-for-first-time&nf=0&rt=true&v=11.22.0&av=2.0&vg=voltaxPlayerPrebid&us_privacy=1---&am=ceef8c68-a2aa-47d9-81f7-e1dcc3a82025&gdpr=0&gdpr_consent=') from origin 'https://www.ksl.com' has been blocked by CORS policy: The value of the 'Access-Control-Allow-Origin' header in the response must not be the wildcard '*' when the request's credentials mode is 'include'. @ https://www.ksl.com/article/51614352/utah-gov-spencer-cox-becomes-grandfather-for-first-time:0
[    1031ms] [ERROR] Failed to load resource: net::ERR_FAILED @ https://bpb.opendns.com/b/https/id.a-mx.com/sync/?tagId=&ref=null&u=https://www.ksl.com/article/51614352/utah-gov-spencer-cox-becomes-grandfather-for-first-time&tl=https://www.ksl.com/article/51614352/utah-gov-spencer-cox-becomes-grandfather-for-first-time&nf=0&rt=true&v=11.22.0&av=2.0&vg=voltaxPlayerPrebid&us_privacy=1---&am=ceef8c68-a2aa-47d9-81f7-e1dcc3a82025&gdpr=0&gdpr_consent=:0
[    1358ms] [ERROR] Failed to load resource: net::ERR_NAME_NOT_RESOLVED @ https://ksl-d.openx.net/w/1.0/jstag?nc=6686-KSL_News:0
[    1512ms] [WARNING] [Audigent] script has already been initialised. Skip further execution @ https://a.ad.gt/api/v1/u/matches/788?_it=tag:0
[    1804ms] [WARNING] An iframe which has both allow-scripts and allow-same-origin for its sandbox attribute can escape its sandboxing. @ https://adl.ksldigital.media/op.js:0
[    1838ms] [WARNING] An iframe which has both allow-scripts and allow-same-origin for its sandbox attribute can escape its sandboxing. @ https://adl.ksldigital.media/op.js:0
[    1865ms] [WARNING] An iframe which has both allow-scripts and allow-same-origin for its sandbox attribute can escape its sandboxing. @ https://adl.ksldigital.media/op.js:0
[    1901ms] [WARNING] An iframe which has both allow-scripts and allow-same-origin for its sandbox attribute can escape its sandboxing. @ https://adl.ksldigital.media/op.js:0
[    1924ms] [WARNING] An iframe which has both allow-scripts and allow-same-origin for its sandbox attribute can escape its sandboxing. @ https://adl.ksldigital.media/op.js:0
[    1971ms] [ERROR] Attestation check for Shared Storage on https://www.googleadservices.com failed. @ https://www.googleadservices.com/pagead/managed/js/activeview/current/reach_worklet.html:0
[    1971ms] [ERROR] Attestation check for Shared Storage on https://www.googleadservices.com failed. @ https://www.googleadservices.com/pagead/managed/js/activeview/current/reach_worklet.html:0
[    1971ms] [ERROR] Attestation check for Shared Storage on https://www.googleadservices.com failed. @ https://www.googleadservices.com/pagead/managed/js/activeview/current/reach_worklet.html:0
[    1971ms] [ERROR] Attestation check for Shared Storage on https://www.googleadservices.com failed. @ https://www.googleadservices.com/pagead/managed/js/activeview/current/reach_worklet.html:0
[    1971ms] [ERROR] Attestation check for Shared Storage on https://www.googleadservices.com failed. @ https://www.googleadservices.com/pagead/managed/js/activeview/current/reach_worklet.html:0
[    2085ms] [LOG] domain: s0.2mdn.net @ https://s0.2mdn.net/sadbundle/127587456290652160/TDIdynamic.js:0
[    2085ms] [LOG] url: https://www.ksl.com/ @ https://s0.2mdn.net/sadbundle/127587456290652160/TDIdynamic.js:0
[    2108ms] [ERROR] Attestation check for Shared Storage on https://www.googleadservices.com failed. @ https://www.googleadservices.com/pagead/managed/js/activeview/current/reach_worklet.html:0
[    2110ms] [ERROR] Attestation check for Shared Storage on https://www.googleadservices.com failed. @ https://www.googleadservices.com/pagead/managed/js/activeview/current/reach_worklet.html:0
[    2132ms] [ERROR] Attestation check for Shared Storage on https://www.googleadservices.com failed. @ https://www.googleadservices.com/pagead/managed/js/activeview/current/reach_worklet.html:0
[    2157ms] [ERROR] Attestation check for Shared Storage on https://www.googleadservices.com failed. @ https://www.googleadservices.com/pagead/managed/js/activeview/current/reach_worklet.html:0
[    2284ms] [WARNING] [Audigent] script has already been initialised. Skip further execution @ https://a.ad.gt/api/v1/u/matches/454?url=https%3A%2F%2Fwww.ksl.com%2Farticle%2F51614352%2Futah-gov-spencer-cox-becomes-grandfather-for-first-time&ref=https%3A%2F%2Fwww.ksl.com%2Farticle%2F51614352%2Futah-gov-spencer-cox-becomes-grandfather-for-first-time:0
[    2323ms] [WARNING] [Audigent] script has already been initialised. Skip further execution @ https://a.ad.gt/api/v1/u/matches/454?_it=amazon:0
[    2394ms] [TIMEEND] a: 0.0009765625 ms @ https://static.adsafeprotected.com/sca.17.6.4.js:31
[    2523ms] [WARNING] [Audigent] script has already been initialised. Skip further execution @ https://a.ad.gt/api/v1/u/matches/788?_it=tag:0
[    2528ms] [ERROR] Access to fetch at 'https://bpb.opendns.com/b/https/id.a-mx.com/sync/?tagId=&ref=null&u=https://www.ksl.com/article/51614352/utah-gov-spencer-cox-becomes-grandfather-for-first-time&tl=https://www.ksl.com/article/51614352/utah-gov-spencer-cox-becomes-grandfather-for-first-time&nf=1&rt=true&v=10.29.0&av=2.0&vg=saambaa_pbjs&us_privacy=null&am=ceef8c68-a2aa-47d9-81f7-e1dcc3a82025&gdpr=0&gdpr_consent=' (redirected from 'https://id.a-mx.com/sync/?tagId=&ref=null&u=https://www.ksl.com/article/51614352/utah-gov-spencer-cox-becomes-grandfather-for-first-time&tl=https://www.ksl.com/article/51614352/utah-gov-spencer-cox-becomes-grandfather-for-first-time&nf=1&rt=true&v=10.29.0&av=2.0&vg=saambaa_pbjs&us_privacy=null&am=ceef8c68-a2aa-47d9-81f7-e1dcc3a82025&gdpr=0&gdpr_consent=') from origin 'https://www.ksl.com' has been blocked by CORS policy: The value of the 'Access-Control-Allow-Origin' header in the response must not be the wildcard '*' when the request's credentials mode is 'include'. @ https://www.ksl.com/article/51614352/utah-gov-spencer-cox-becomes-grandfather-for-first-time:0
[    2528ms] [ERROR] Failed to load resource: net::ERR_FAILED @ https://bpb.opendns.com/b/https/id.a-mx.com/sync/?tagId=&ref=null&u=https://www.ksl.com/article/51614352/utah-gov-spencer-cox-becomes-grandfather-for-first-time&tl=https://www.ksl.com/article/51614352/utah-gov-spencer-cox-becomes-grandfather-for-first-time&nf=1&rt=true&v=10.29.0&av=2.0&vg=saambaa_pbjs&us_privacy=null&am=ceef8c68-a2aa-47d9-81f7-e1dcc3a82025&gdpr=0&gdpr_consent=:0
[    2559ms] [ERROR] Access to fetch at 'https://bpb.opendns.com/b/https/id.a-mx.com/sync/?tagId=&ref=null&u=https://www.ksl.com/article/51614352/utah-gov-spencer-cox-becomes-grandfather-for-first-time&tl=https://www.ksl.com/article/51614352/utah-gov-spencer-cox-becomes-grandfather-for-first-time&nf=1&rt=true&v=11.22.0&av=2.0&vg=voltaxPlayerPrebid&us_privacy=1---&am=ceef8c68-a2aa-47d9-81f7-e1dcc3a82025&gdpr=0&gdpr_consent=' (redirected from 'https://id.a-mx.com/sync/?tagId=&ref=null&u=https://www.ksl.com/article/51614352/utah-gov-spencer-cox-becomes-grandfather-for-first-time&tl=https://www.ksl.com/article/51614352/utah-gov-spencer-cox-becomes-grandfather-for-first-time&nf=1&rt=true&v=11.22.0&av=2.0&vg=voltaxPlayerPrebid&us_privacy=1---&am=ceef8c68-a2aa-47d9-81f7-e1dcc3a82025&gdpr=0&gdpr_consent=') from origin 'https://www.ksl.com' has been blocked by CORS policy: The value of the 'Access-Control-Allow-Origin' header in the response must not be the wildcard '*' when the request's credentials mode is 'include'. @ https://www.ksl.com/article/51614352/utah-gov-spencer-cox-becomes-grandfather-for-first-time:0
[    2559ms] [ERROR] Failed to load resource: net::ERR_FAILED @ https://bpb.opendns.com/b/https/id.a-mx.com/sync/?tagId=&ref=null&u=https://www.ksl.com/article/51614352/utah-gov-spencer-cox-becomes-grandfather-for-first-time&tl=https://www.ksl.com/article/51614352/utah-gov-spencer-cox-becomes-grandfather-for-first-time&nf=1&rt=true&v=11.22.0&av=2.0&vg=voltaxPlayerPrebid&us_privacy=1---&am=ceef8c68-a2aa-47d9-81f7-e1dcc3a82025&gdpr=0&gdpr_consent=:0
[    2614ms] Failed to read a named property 'addEventListener' from 'Window': Blocked a frame with origin "https://5c62e044f9541b031e1dc9e292afe6fe.safeframe.googlesyndication.com" from accessing a cross-origin frame.
[    3105ms] [LOG] Viewable Complete Thu Aug 20 2026 14:29:07 GMT-0600 (Mountain Daylight Time) {percentViewable: 0.957446813583374, technique: IntersectionObserver, viewable: true, viewportWidth: 728, viewportHeight: 94} @ https://dsp-creative.demandbase.com/js/v.js?ad=CiRjOWU4OWExYS05Y2Q1LTExZjEtYTVlZi1kY2RkZDMxNWRhMTgQuYc9GKedQiCZ9wEouIx0MJ21nxM6JDg1NjFjMjAyLThmNjgtNGY0Mi05MDIyLTQwZGYxZDU0YTk1ZEICaXhI9ANQFGIobm9faW50ZW50LGRlbWFuZGJhc2UuY29tL3ZhcmlhbnQ6ZGlzYWJsZWoLd3d3LmtzbC5jb21yA1VTQXoFVVMtVVSCAQ4yMTYuNDkuMTgxLjI1MpAB2ASgARSwATLIAQHQAbxpgAKM63yKAgUzMTY0MZICCHVzLXdlc3Qy.o5mEPQ:49
[    3160ms] [WARNING] [Audigent] cannot find __gpp framework @ https://a.ad.gt/api/v1/u/matches/788?url=https%3A%2F%2Fwww.ksl.com%2Farticle%2F51614352%2Futah-gov-spencer-cox-becomes-grandfather-for-first-time&ref=https%3A%2F%2Fwww.ksl.com%2Farticle%2F51614352%2Futah-gov-spencer-cox-becomes-grandfather-for-first-time:0
[    1971ms] [ERROR] Attestation check for Shared Storage on https://www.googleadservices.com failed. @ https://www.googleadservices.com/pagead/managed/js/activeview/current/reach_worklet.html:0
[    2108ms] [ERROR] Attestation check for Shared Storage on https://www.googleadservices.com failed. @ https://www.googleadservices.com/pagead/managed/js/activeview/current/reach_worklet.html:0
[    2110ms] [ERROR] Attestation check for Shared Storage on https://www.googleadservices.com failed. @ https://www.googleadservices.com/pagead/managed/js/activeview/current/reach_worklet.html:0
[    2132ms] [ERROR] Attestation check for Shared Storage on https://www.googleadservices.com failed. @ https://www.googleadservices.com/pagead/managed/js/activeview/current/reach_worklet.html:0
[    2157ms] [ERROR] Attestation check for Shared Storage on https://www.googleadservices.com failed. @ https://www.googleadservices.com/pagead/managed/js/activeview/current/reach_worklet.html:0
[    3501ms] [ERROR] Attestation check for Shared Storage on https://www.googleadservices.com failed. @ https://www.googleadservices.com/pagead/managed/js/activeview/current/reach_worklet.html:0
[    1971ms] [ERROR] Attestation check for Shared Storage on https://www.googleadservices.com failed. @ https://www.googleadservices.com/pagead/managed/js/activeview/current/reach_worklet.html:0
[    2108ms] [ERROR] Attestation check for Shared Storage on https://www.googleadservices.com failed. @ https://www.googleadservices.com/pagead/managed/js/activeview/current/reach_worklet.html:0
[    2110ms] [ERROR] Attestation check for Shared Storage on https://www.googleadservices.com failed. @ https://www.googleadservices.com/pagead/managed/js/activeview/current/reach_worklet.html:0
[    2132ms] [ERROR] Attestation check for Shared Storage on https://www.googleadservices.com failed. @ https://www.googleadservices.com/pagead/managed/js/activeview/current/reach_worklet.html:0
[    2157ms] [ERROR] Attestation check for Shared Storage on https://www.googleadservices.com failed. @ https://www.googleadservices.com/pagead/managed/js/activeview/current/reach_worklet.html:0
[    3501ms] [ERROR] Attestation check for Shared Storage on https://www.googleadservices.com failed. @ https://www.googleadservices.com/pagead/managed/js/activeview/current/reach_worklet.html:0
[    3702ms] [ERROR] Attestation check for Shared Storage on https://www.googleadservices.com failed. @ https://www.googleadservices.com/pagead/managed/js/activeview/current/reach_worklet.html:0
[    1971ms] [ERROR] Attestation check for Shared Storage on https://www.googleadservices.com failed. @ https://www.googleadservices.com/pagead/managed/js/activeview/current/reach_worklet.html:0
[    2108ms] [ERROR] Attestation check for Shared Storage on https://www.googleadservices.com failed. @ https://www.googleadservices.com/pagead/managed/js/activeview/current/reach_worklet.html:0
[    2110ms] [ERROR] Attestation check for Shared Storage on https://www.googleadservices.com failed. @ https://www.googleadservices.com/pagead/managed/js/activeview/current/reach_worklet.html:0
[    2132ms] [ERROR] Attestation check for Shared Storage on https://www.googleadservices.com failed. @ https://www.googleadservices.com/pagead/managed/js/activeview/current/reach_worklet.html:0
[    2157ms] [ERROR] Attestation check for Shared Storage on https://www.googleadservices.com failed. @ https://www.googleadservices.com/pagead/managed/js/activeview/current/reach_worklet.html:0
[    3501ms] [ERROR] Attestation check for Shared Storage on https://www.googleadservices.com failed. @ https://www.googleadservices.com/pagead/managed/js/activeview/current/reach_worklet.html:0
[    3702ms] [ERROR] Attestation check for Shared Storage on https://www.googleadservices.com failed. @ https://www.googleadservices.com/pagead/managed/js/activeview/current/reach_worklet.html:0
[    3829ms] [ERROR] Attestation check for Shared Storage on https://www.googleadservices.com failed. @ https://www.googleadservices.com/pagead/managed/js/activeview/current/reach_worklet.html:0
[    3870ms] [DIR] SyntaxError @ https://js.ad-score.com/score.min.js?pid=1000925&tt=g:1
[    1971ms] [ERROR] Attestation check for Shared Storage on https://www.googleadservices.com failed. @ https://www.googleadservices.com/pagead/managed/js/activeview/current/reach_worklet.html:0
[    2108ms] [ERROR] Attestation check for Shared Storage on https://www.googleadservices.com failed. @ https://www.googleadservices.com/pagead/managed/js/activeview/current/reach_worklet.html:0
[    2110ms] [ERROR] Attestation check for Shared Storage on https://www.googleadservices.com failed. @ https://www.googleadservices.com/pagead/managed/js/activeview/current/reach_worklet.html:0
[    2132ms] [ERROR] Attestation check for Shared Storage on https://www.googleadservices.com failed. @ https://www.googleadservices.com/pagead/managed/js/activeview/current/reach_worklet.html:0
[    2157ms] [ERROR] Attestation check for Shared Storage on https://www.googleadservices.com failed. @ https://www.googleadservices.com/pagead/managed/js/activeview/current/reach_worklet.html:0
[    3501ms] [ERROR] Attestation check for Shared Storage on https://www.googleadservices.com failed. @ https://www.googleadservices.com/pagead/managed/js/activeview/current/reach_worklet.html:0
[    3702ms] [ERROR] Attestation check for Shared Storage on https://www.googleadservices.com failed. @ https://www.googleadservices.com/pagead/managed/js/activeview/current/reach_worklet.html:0
[    3829ms] [ERROR] Attestation check for Shared Storage on https://www.googleadservices.com failed. @ https://www.googleadservices.com/pagead/managed/js/activeview/current/reach_worklet.html:0
[    3940ms] [ERROR] Attestation check for Shared Storage on https://www.googleadservices.com failed. @ https://www.googleadservices.com/pagead/managed/js/activeview/current/reach_worklet.html:0
[    3963ms] [WARNING] You are using deprecated show_ads.js script to display AdSense ads. To improve performance of your ads switch to the modern adsbygoogle.js script. See instructions on https://support.google.com/adsense/answer/9190028. @ https://pagead2.googlesyndication.com/pagead/show_ads.js:52
[    1971ms] [ERROR] Attestation check for Shared Storage on https://www.googleadservices.com failed. @ https://www.googleadservices.com/pagead/managed/js/activeview/current/reach_worklet.html:0
[    2108ms] [ERROR] Attestation check for Shared Storage on https://www.googleadservices.com failed. @ https://www.googleadservices.com/pagead/managed/js/activeview/current/reach_worklet.html:0
[    2110ms] [ERROR] Attestation check for Shared Storage on https://www.googleadservices.com failed. @ https://www.googleadservices.com/pagead/managed/js/activeview/current/reach_worklet.html:0
[    2132ms] [ERROR] Attestation check for Shared Storage on https://www.googleadservices.com failed. @ https://www.googleadservices.com/pagead/managed/js/activeview/current/reach_worklet.html:0
[    2157ms] [ERROR] Attestation check for Shared Storage on https://www.googleadservices.com failed. @ https://www.googleadservices.com/pagead/managed/js/activeview/current/reach_worklet.html:0
[    3501ms] [ERROR] Attestation check for Shared Storage on https://www.googleadservices.com failed. @ https://www.googleadservices.com/pagead/managed/js/activeview/current/reach_worklet.html:0
[    3702ms] [ERROR] Attestation check for Shared Storage on https://www.googleadservices.com failed. @ https://www.googleadservices.com/pagead/managed/js/activeview/current/reach_worklet.html:0
[    3829ms] [ERROR] Attestation check for Shared Storage on https://www.googleadservices.com failed. @ https://www.googleadservices.com/pagead/managed/js/activeview/current/reach_worklet.html:0
[    3940ms] [ERROR] Attestation check for Shared Storage on https://www.googleadservices.com failed. @ https://www.googleadservices.com/pagead/managed/js/activeview/current/reach_worklet.html:0
[    1971ms] [ERROR] Attestation check for Shared Storage on https://www.googleadservices.com failed. @ https://www.googleadservices.com/pagead/managed/js/activeview/current/reach_worklet.html:0
[    2108ms] [ERROR] Attestation check for Shared Storage on https://www.googleadservices.com failed. @ https://www.googleadservices.com/pagead/managed/js/activeview/current/reach_worklet.html:0
[    2110ms] [ERROR] Attestation check for Shared Storage on https://www.googleadservices.com failed. @ https://www.googleadservices.com/pagead/managed/js/activeview/current/reach_worklet.html:0
[    2132ms] [ERROR] Attestation check for Shared Storage on https://www.googleadservices.com failed. @ https://www.googleadservices.com/pagead/managed/js/activeview/current/reach_worklet.html:0
[    2157ms] [ERROR] Attestation check for Shared Storage on https://www.googleadservices.com failed. @ https://www.googleadservices.com/pagead/managed/js/activeview/current/reach_worklet.html:0
[    3501ms] [ERROR] Attestation check for Shared Storage on https://www.googleadservices.com failed. @ https://www.googleadservices.com/pagead/managed/js/activeview/current/reach_worklet.html:0
[    3702ms] [ERROR] Attestation check for Shared Storage on https://www.googleadservices.com failed. @ https://www.googleadservices.com/pagead/managed/js/activeview/current/reach_worklet.html:0
[    3829ms] [ERROR] Attestation check for Shared Storage on https://www.googleadservices.com failed. @ https://www.googleadservices.com/pagead/managed/js/activeview/current/reach_worklet.html:0
[    3940ms] [ERROR] Attestation check for Shared Storage on https://www.googleadservices.com failed. @ https://www.googleadservices.com/pagead/managed/js/activeview/current/reach_worklet.html:0
[    4147ms] [WARNING] You are using deprecated show_ads.js script to display AdSense ads. To improve performance of your ads switch to the modern adsbygoogle.js script. See instructions on https://support.google.com/adsense/answer/9190028. @ https://pagead2.googlesyndication.com/pagead/show_ads.js:52
[    4147ms] [ERROR] Attestation check for Shared Storage on https://www.googleadservices.com failed. @ https://www.googleadservices.com/pagead/managed/js/activeview/current/reach_worklet.html:0
[    4239ms] [ERROR] Failed to load resource: net::ERR_NAME_NOT_RESOLVED @ https://p.adsymptotic.com/d/px/?_pid=15551&_psign=3256160e9466760993db0952c407dfec&_rand=1646738496:0
[    4240ms] [ERROR] Failed to load resource: net::ERR_NAME_NOT_RESOLVED @ https://p.adsymptotic.com/d/px/?_pid=15551&_psign=3256160e9466760993db0952c407dfec&_rand=77600940:0
[    1971ms] [ERROR] Attestation check for Shared Storage on https://www.googleadservices.com failed. @ https://www.googleadservices.com/pagead/managed/js/activeview/current/reach_worklet.html:0
[    2108ms] [ERROR] Attestation check for Shared Storage on https://www.googleadservices.com failed. @ https://www.googleadservices.com/pagead/managed/js/activeview/current/reach_worklet.html:0
[    2110ms] [ERROR] Attestation check for Shared Storage on https://www.googleadservices.com failed. @ https://www.googleadservices.com/pagead/managed/js/activeview/current/reach_worklet.html:0
[    2132ms] [ERROR] Attestation check for Shared Storage on https://www.googleadservices.com failed. @ https://www.googleadservices.com/pagead/managed/js/activeview/current/reach_worklet.html:0
[    2157ms] [ERROR] Attestation check for Shared Storage on https://www.googleadservices.com failed. @ https://www.googleadservices.com/pagead/managed/js/activeview/current/reach_worklet.html:0
[    3501ms] [ERROR] Attestation check for Shared Storage on https://www.googleadservices.com failed. @ https://www.googleadservices.com/pagead/managed/js/activeview/current/reach_worklet.html:0
[    3702ms] [ERROR] Attestation check for Shared Storage on https://www.googleadservices.com failed. @ https://www.googleadservices.com/pagead/managed/js/activeview/current/reach_worklet.html:0
[    3829ms] [ERROR] Attestation check for Shared Storage on https://www.googleadservices.com failed. @ https://www.googleadservices.com/pagead/managed/js/activeview/current/reach_worklet.html:0
[    3940ms] [ERROR] Attestation check for Shared Storage on https://www.googleadservices.com failed. @ https://www.googleadservices.com/pagead/managed/js/activeview/current/reach_worklet.html:0
[    4147ms] [ERROR] Attestation check for Shared Storage on https://www.googleadservices.com failed. @ https://www.googleadservices.com/pagead/managed/js/activeview/current/reach_worklet.html:0
[    4271ms] [ERROR] Attestation check for Shared Storage on https://www.googleadservices.com failed. @ https://www.googleadservices.com/pagead/managed/js/activeview/current/reach_worklet.html:0
[    4359ms] [ERROR] Attestation check for Shared Storage on https://www.googleadservices.com failed. @ https://www.googleadservices.com/pagead/managed/js/activeview/current/reach_worklet.html:0
[    4439ms] [WARNING] You are using deprecated show_ads.js script to display AdSense ads. To improve performance of your ads switch to the modern adsbygoogle.js script. See instructions on https://support.google.com/adsense/answer/9190028. @ https://pagead2.googlesyndication.com/pagead/show_ads.js:52
[    1971ms] [ERROR] Attestation check for Shared Storage on https://www.googleadservices.com failed. @ https://www.googleadservices.com/pagead/managed/js/activeview/current/reach_worklet.html:0
[    2108ms] [ERROR] Attestation check for Shared Storage on https://www.googleadservices.com failed. @ https://www.googleadservices.com/pagead/managed/js/activeview/current/reach_worklet.html:0
[    2110ms] [ERROR] Attestation check for Shared Storage on https://www.googleadservices.com failed. @ https://www.googleadservices.com/pagead/managed/js/activeview/current/reach_worklet.html:0
[    2132ms] [ERROR] Attestation check for Shared Storage on https://www.googleadservices.com failed. @ https://www.googleadservices.com/pagead/managed/js/activeview/current/reach_worklet.html:0
[    2157ms] [ERROR] Attestation check for Shared Storage on https://www.googleadservices.com failed. @ https://www.googleadservices.com/pagead/managed/js/activeview/current/reach_worklet.html:0
[    3501ms] [ERROR] Attestation check for Shared Storage on https://www.googleadservices.com failed. @ https://www.googleadservices.com/pagead/managed/js/activeview/current/reach_worklet.html:0
[    3702ms] [ERROR] Attestation check for Shared Storage on https://www.googleadservices.com failed. @ https://www.googleadservices.com/pagead/managed/js/activeview/current/reach_worklet.html:0
[    3829ms] [ERROR] Attestation check for Shared Storage on https://www.googleadservices.com failed. @ https://www.googleadservices.com/pagead/managed/js/activeview/current/reach_worklet.html:0
[    3940ms] [ERROR] Attestation check for Shared Storage on https://www.googleadservices.com failed. @ https://www.googleadservices.com/pagead/managed/js/activeview/current/reach_worklet.html:0
[    4147ms] [ERROR] Attestation check for Shared Storage on https://www.googleadservices.com failed. @ https://www.googleadservices.com/pagead/managed/js/activeview/current/reach_worklet.html:0
[    4271ms] [ERROR] Attestation check for Shared Storage on https://www.googleadservices.com failed. @ https://www.googleadservices.com/pagead/managed/js/activeview/current/reach_worklet.html:0
[    4359ms] [ERROR] Attestation check for Shared Storage on https://www.googleadservices.com failed. @ https://www.googleadservices.com/pagead/managed/js/activeview/current/reach_worklet.html:0
[    4239ms] [ERROR] Failed to load resource: net::ERR_NAME_NOT_RESOLVED @ https://p.adsymptotic.com/d/px/?_pid=15551&_psign=3256160e9466760993db0952c407dfec&_rand=1646738496:0
[    4240ms] [ERROR] Failed to load resource: net::ERR_NAME_NOT_RESOLVED @ https://p.adsymptotic.com/d/px/?_pid=15551&_psign=3256160e9466760993db0952c407dfec&_rand=77600940:0
[    4504ms] [ERROR] Attestation check for Shared Storage on https://www.googleadservices.com failed. @ https://www.googleadservices.com/pagead/managed/js/activeview/current/reach_worklet.html:0
[    4533ms] [ERROR] Failed to load resource: net::ERR_NAME_NOT_RESOLVED @ https://cw.addthis.com/t.gif?pid=88&pidt=0&pdid=5cde4f51-f2bd-4819-875a-d6b38dd965ae&cu=:0
[    4612ms] [ERROR] Failed to load resource: net::ERR_NAME_NOT_RESOLVED @ https://cw.addthis.com/t.gif?pid=88&pidt=0&pdid=5cde4f51-f2bd-4819-875a-d6b38dd965ae&cu=:0
[    4239ms] [ERROR] Failed to load resource: net::ERR_NAME_NOT_RESOLVED @ https://p.adsymptotic.com/d/px/?_pid=15551&_psign=3256160e9466760993db0952c407dfec&_rand=1646738496:0
[    4240ms] [ERROR] Failed to load resource: net::ERR_NAME_NOT_RESOLVED @ https://p.adsymptotic.com/d/px/?_pid=15551&_psign=3256160e9466760993db0952c407dfec&_rand=77600940:0
[    4239ms] [ERROR] Failed to load resource: net::ERR_NAME_NOT_RESOLVED @ https://p.adsymptotic.com/d/px/?_pid=15551&_psign=3256160e9466760993db0952c407dfec&_rand=1646738496:0
[    4240ms] [ERROR] Failed to load resource: net::ERR_NAME_NOT_RESOLVED @ https://p.adsymptotic.com/d/px/?_pid=15551&_psign=3256160e9466760993db0952c407dfec&_rand=77600940:0
[    4849ms] Failed to read a named property 'document' from 'Window': Blocked a frame with origin "https://web-cf-event-cell8005.ads.aps.amazon-adsystem.com" from accessing a frame with origin "https://www.ksl.com". Protocols, domains, and ports must match.
[    1971ms] [ERROR] Attestation check for Shared Storage on https://www.googleadservices.com failed. @ https://www.googleadservices.com/pagead/managed/js/activeview/current/reach_worklet.html:0
[    2108ms] [ERROR] Attestation check for Shared Storage on https://www.googleadservices.com failed. @ https://www.googleadservices.com/pagead/managed/js/activeview/current/reach_worklet.html:0
[    2110ms] [ERROR] Attestation check for Shared Storage on https://www.googleadservices.com failed. @ https://www.googleadservices.com/pagead/managed/js/activeview/current/reach_worklet.html:0
[    2132ms] [ERROR] Attestation check for Shared Storage on https://www.googleadservices.com failed. @ https://www.googleadservices.com/pagead/managed/js/activeview/current/reach_worklet.html:0
[    2157ms] [ERROR] Attestation check for Shared Storage on https://www.googleadservices.com failed. @ https://www.googleadservices.com/pagead/managed/js/activeview/current/reach_worklet.html:0
[    3501ms] [ERROR] Attestation check for Shared Storage on https://www.googleadservices.com failed. @ https://www.googleadservices.com/pagead/managed/js/activeview/current/reach_worklet.html:0
[    3702ms] [ERROR] Attestation check for Shared Storage on https://www.googleadservices.com failed. @ https://www.googleadservices.com/pagead/managed/js/activeview/current/reach_worklet.html:0
[    3829ms] [ERROR] Attestation check for Shared Storage on https://www.googleadservices.com failed. @ https://www.googleadservices.com/pagead/managed/js/activeview/current/reach_worklet.html:0
[    3940ms] [ERROR] Attestation check for Shared Storage on https://www.googleadservices.com failed. @ https://www.googleadservices.com/pagead/managed/js/activeview/current/reach_worklet.html:0
[    4147ms] [ERROR] Attestation check for Shared Storage on https://www.googleadservices.com failed. @ https://www.googleadservices.com/pagead/managed/js/activeview/current/reach_worklet.html:0
[    4271ms] [ERROR] Attestation check for Shared Storage on https://www.googleadservices.com failed. @ https://www.googleadservices.com/pagead/managed/js/activeview/current/reach_worklet.html:0
[    4359ms] [ERROR] Attestation check for Shared Storage on https://www.googleadservices.com failed. @ https://www.googleadservices.com/pagead/managed/js/activeview/current/reach_worklet.html:0
[    4504ms] [ERROR] Attestation check for Shared Storage on https://www.googleadservices.com failed. @ https://www.googleadservices.com/pagead/managed/js/activeview/current/reach_worklet.html:0
[    4918ms] [ERROR] Attestation check for Shared Storage on https://www.googleadservices.com failed. @ https://www.googleadservices.com/pagead/managed/js/activeview/current/reach_worklet.html:0
[    1971ms] [ERROR] Attestation check for Shared Storage on https://www.googleadservices.com failed. @ https://www.googleadservices.com/pagead/managed/js/activeview/current/reach_worklet.html:0
[    2108ms] [ERROR] Attestation check for Shared Storage on https://www.googleadservices.com failed. @ https://www.googleadservices.com/pagead/managed/js/activeview/current/reach_worklet.html:0
[    2110ms] [ERROR] Attestation check for Shared Storage on https://www.googleadservices.com failed. @ https://www.googleadservices.com/pagead/managed/js/activeview/current/reach_worklet.html:0
[    2132ms] [ERROR] Attestation check for Shared Storage on https://www.googleadservices.com failed. @ https://www.googleadservices.com/pagead/managed/js/activeview/current/reach_worklet.html:0
[    2157ms] [ERROR] Attestation check for Shared Storage on https://www.googleadservices.com failed. @ https://www.googleadservices.com/pagead/managed/js/activeview/current/reach_worklet.html:0
[    3501ms] [ERROR] Attestation check for Shared Storage on https://www.googleadservices.com failed. @ https://www.googleadservices.com/pagead/managed/js/activeview/current/reach_worklet.html:0
[    3702ms] [ERROR] Attestation check for Shared Storage on https://www.googleadservices.com failed. @ https://www.googleadservices.com/pagead/managed/js/activeview/current/reach_worklet.html:0
[    3829ms] [ERROR] Attestation check for Shared Storage on https://www.googleadservices.com failed. @ https://www.googleadservices.com/pagead/managed/js/activeview/current/reach_worklet.html:0
[    3940ms] [ERROR] Attestation check for Shared Storage on https://www.googleadservices.com failed. @ https://www.googleadservices.com/pagead/managed/js/activeview/current/reach_worklet.html:0
[    4147ms] [ERROR] Attestation check for Shared Storage on https://www.googleadservices.com failed. @ https://www.googleadservices.com/pagead/managed/js/activeview/current/reach_worklet.html:0
[    4271ms] [ERROR] Attestation check for Shared Storage on https://www.googleadservices.com failed. @ https://www.googleadservices.com/pagead/managed/js/activeview/current/reach_worklet.html:0
[    4359ms] [ERROR] Attestation check for Shared Storage on https://www.googleadservices.com failed. @ https://www.googleadservices.com/pagead/managed/js/activeview/current/reach_worklet.html:0
[    4504ms] [ERROR] Attestation check for Shared Storage on https://www.googleadservices.com failed. @ https://www.googleadservices.com/pagead/managed/js/activeview/current/reach_worklet.html:0
[    4918ms] [ERROR] Attestation check for Shared Storage on https://www.googleadservices.com failed. @ https://www.googleadservices.com/pagead/managed/js/activeview/current/reach_worklet.html:0
[    5203ms] [ERROR] Attestation check for Shared Storage on https://www.googleadservices.com failed. @ https://www.googleadservices.com/pagead/managed/js/activeview/current/reach_worklet.html:0
[    6623ms] [ERROR] Access to fetch at 'https://bpb.opendns.com/b/https/id.a-mx.com/sync?tao=1&&uid=ceef8c68-a2aa-47d9-81f7-e1dcc3a82025' (redirected from 'https://id.a-mx.com/sync?tao=1&&uid=ceef8c68-a2aa-47d9-81f7-e1dcc3a82025') from origin 'https://prebid.a-mo.net' has been blocked by CORS policy: The value of the 'Access-Control-Allow-Origin' header in the response must not be the wildcard '*' when the request's credentials mode is 'include'. @ https://prebid.a-mo.net/isyn?gdpr_consent=&gdpr=0&us_privacy=1---&gpp=&gpp_sid=:0
[    6623ms] [ERROR] Failed to load resource: net::ERR_FAILED @ https://bpb.opendns.com/b/https/id.a-mx.com/sync?tao=1&&uid=ceef8c68-a2aa-47d9-81f7-e1dcc3a82025:0
[    7372ms] [ERROR] Failed to load resource: the server responded with a status of 400 (Bad Request) @ https://cpm.vistarsagency.com/user-sync?zone=251862&dsp=904755&t=image&us_privacy=1---&uid=C-eAEVzsttBEEIRdFcWDcSj4IqmEC8p35BjOXcrd4fXd1fCtCH9lTksWLvGmz3BteWzfh-MWKojzY6PZQvXrUcCfQztEbc3ep4294h5iZJD2H4C8-5sXpwaRXb2MmBO_hgr9UqVNTpIUXSh-atY9o6YzdhgxcXEjynYDYs1F4vtqAPRXki0K7PKxN609eU6LfdVJ_vgtpbtSbqqT3c0gCIyA-E_v4B9Jo8ig:0
[   10847ms] [ERROR] Failed to load resource: net::ERR_NAME_NOT_RESOLVED @ https://unpkgcdn.com/videojs@3.0.2/dist/vhs-utils.js:0
