[     201ms] [LOG] Visibility threshold pct=50, Visibility threshold ms = 0 @ https://tag.durationmedia.net/sites/11159/dm.js:0
[     205ms] [LOG] Braze: Initialization Options: {
  "baseUrl": "sdk.iad-07.braze.com",
  "allowUserSuppliedJavascript": true,
  "enableLogging": true
} @ https://js.appboycdn.com/web-sdk/5.8/braze.no-amd.min.js:23
[     209ms] [LOG] Braze: Initialized for the Braze backend at "sdk.iad-07.braze.com" with API key "08279373-5f4c-4539-9a3e-117896d5ed15". @ https://js.appboycdn.com/web-sdk/5.8/braze.no-amd.min.js:23
[     257ms] [ERROR] Access to fetch at 'https://region-filter.rubyblu.com/check' from origin 'https://www.ksl.com' has been blocked by CORS policy: No 'Access-Control-Allow-Origin' header is present on the requested resource. @ https://www.ksl.com/article/news/business/sen-curtis-talks-public-transit-expansion-ahead-of-temple-open-house-and-olympics/51611823:0
[     257ms] [ERROR] Failed to load resource: net::ERR_FAILED @ https://region-filter.rubyblu.com/check:0
[     462ms] [LOG] Main bundle loaded (base.twig) @ https://www.ksl.com/article/news/business/sen-curtis-talks-public-transit-expansion-ahead-of-temple-open-house-and-olympics/51611823:2611
[     598ms] [WARNING] [GPT] PubAdsService.setTargeting is deprecated, use googletag.setConfig({targeting: ...}) instead.
https://goo.gle/gpt-message#170 @ https://securepubads.g.doubleclick.net/pagead/managed/js/gpt/m202608190101/pubads_impl.js?cb=122880556:18
[     599ms] [WARNING] [GPT] Slot.setTargeting is deprecated, use Slot.setConfig({targeting: ...}) instead.
https://goo.gle/gpt-message#171 @ https://securepubads.g.doubleclick.net/pagead/managed/js/gpt/m202608190101/pubads_impl.js?cb=122880556:18
[     617ms] [WARNING] [Audigent] script has already been initialised. Skip further execution @ https://a.ad.gt/api/v1/u/matches/454?_it=amazon:0
[     644ms] [ERROR] Failed to load resource: the server responded with a status of 455 () @ https://deseret.technoratimedia.com/openrtb/bids/deseret?src=prebid_prebid_7.24.0:0
[     756ms] [ERROR] Access to fetch at 'https://bpb.opendns.com/b/https/id.a-mx.com/sync/?tagId=&ref=null&u=https://www.ksl.com/article/news/business/sen-curtis-talks-public-transit-expansion-ahead-of-temple-open-house-and-olympics/51611823&tl=https://www.ksl.com/article/news/business/sen-curtis-talks-public-transit-expansion-ahead-of-temple-open-house-and-olympics/51611823&nf=0&rt=true&v=11.22.0&av=2.0&vg=voltaxPlayerPrebid&us_privacy=null&am=ceef8c68-a2aa-47d9-81f7-e1dcc3a82025&gdpr=0&gdpr_consent=' (redirected from 'https://id.a-mx.com/sync/?tagId=&ref=null&u=https://www.ksl.com/article/news/business/sen-curtis-talks-public-transit-expansion-ahead-of-temple-open-house-and-olympics/51611823&tl=https://www.ksl.com/article/news/business/sen-curtis-talks-public-transit-expansion-ahead-of-temple-open-house-and-olympics/51611823&nf=0&rt=true&v=11.22.0&av=2.0&vg=voltaxPlayerPrebid&us_privacy=null&am=ceef8c68-a2aa-47d9-81f7-e1dcc3a82025&gdpr=0&gdpr_consent=') from origin 'https://www.ksl.com' has been blocked by CORS policy: The value of the 'Access-Control-Allow-Origin' header in the response must not be the wildcard '*' when the request's credentials mode is 'include'. @ https://www.ksl.com/article/news/business/sen-curtis-talks-public-transit-expansion-ahead-of-temple-open-house-and-olympics/51611823:0
[     756ms] [ERROR] Failed to load resource: net::ERR_FAILED @ https://bpb.opendns.com/b/https/id.a-mx.com/sync/?tagId=&ref=null&u=https://www.ksl.com/article/news/business/sen-curtis-talks-public-transit-expansion-ahead-of-temple-open-house-and-olympics/51611823&tl=https://www.ksl.com/article/news/business/sen-curtis-talks-public-transit-expansion-ahead-of-temple-open-house-and-olympics/51611823&nf=0&rt=true&v=11.22.0&av=2.0&vg=voltaxPlayerPrebid&us_privacy=null&am=ceef8c68-a2aa-47d9-81f7-e1dcc3a82025&gdpr=0&gdpr_consent=:0
[     812ms] [WARNING] [Audigent] script has already been initialised. Skip further execution @ https://a.ad.gt/api/v1/u/matches/454?_it=0:0
[     850ms] [ERROR] Failed to load resource: the server responded with a status of 404 () @ https://sync.crwdcntrl.net/qmap?c=2700&tp=UNDR&gdpr=&gdpr_consent=&tpid=6ay5svzm87u89jfal5avjehri:0
[    1116ms] [WARNING] [Audigent] script has already been initialised. Skip further execution @ https://a.ad.gt/api/v1/u/matches/788?_it=tag:0
[    1555ms] [ERROR] Failed to load resource: net::ERR_NAME_NOT_RESOLVED @ https://ksl-d.openx.net/w/1.0/jstag?nc=6686-KSL_News:0
[    1636ms] [ERROR] Access to fetch at 'https://bpb.opendns.com/b/https/id.a-mx.com/sync/?tagId=&ref=null&u=https://www.ksl.com/article/news/business/sen-curtis-talks-public-transit-expansion-ahead-of-temple-open-house-and-olympics/51611823&tl=https://www.ksl.com/article/news/business/sen-curtis-talks-public-transit-expansion-ahead-of-temple-open-house-and-olympics/51611823&nf=0&rt=true&v=11.22.0&av=2.0&vg=voltaxPlayerPrebid&us_privacy=1---&am=ceef8c68-a2aa-47d9-81f7-e1dcc3a82025&gdpr=0&gdpr_consent=' (redirected from 'https://id.a-mx.com/sync/?tagId=&ref=null&u=https://www.ksl.com/article/news/business/sen-curtis-talks-public-transit-expansion-ahead-of-temple-open-house-and-olympics/51611823&tl=https://www.ksl.com/article/news/business/sen-curtis-talks-public-transit-expansion-ahead-of-temple-open-house-and-olympics/51611823&nf=0&rt=true&v=11.22.0&av=2.0&vg=voltaxPlayerPrebid&us_privacy=1---&am=ceef8c68-a2aa-47d9-81f7-e1dcc3a82025&gdpr=0&gdpr_consent=') from origin 'https://www.ksl.com' has been blocked by CORS policy: The value of the 'Access-Control-Allow-Origin' header in the response must not be the wildcard '*' when the request's credentials mode is 'include'. @ https://www.ksl.com/article/news/business/sen-curtis-talks-public-transit-expansion-ahead-of-temple-open-house-and-olympics/51611823:0
[    1636ms] [ERROR] Failed to load resource: net::ERR_FAILED @ https://bpb.opendns.com/b/https/id.a-mx.com/sync/?tagId=&ref=null&u=https://www.ksl.com/article/news/business/sen-curtis-talks-public-transit-expansion-ahead-of-temple-open-house-and-olympics/51611823&tl=https://www.ksl.com/article/news/business/sen-curtis-talks-public-transit-expansion-ahead-of-temple-open-house-and-olympics/51611823&nf=0&rt=true&v=11.22.0&av=2.0&vg=voltaxPlayerPrebid&us_privacy=1---&am=ceef8c68-a2aa-47d9-81f7-e1dcc3a82025&gdpr=0&gdpr_consent=:0
[    1821ms] [WARNING] An iframe which has both allow-scripts and allow-same-origin for its sandbox attribute can escape its sandboxing. @ https://adl.ksldigital.media/op.js:0
[    1861ms] [WARNING] An iframe which has both allow-scripts and allow-same-origin for its sandbox attribute can escape its sandboxing. @ https://adl.ksldigital.media/op.js:0
[    1886ms] [WARNING] An iframe which has both allow-scripts and allow-same-origin for its sandbox attribute can escape its sandboxing. @ https://adl.ksldigital.media/op.js:0
[    1940ms] [WARNING] An iframe which has both allow-scripts and allow-same-origin for its sandbox attribute can escape its sandboxing. @ https://adl.ksldigital.media/op.js:0
[    1980ms] [WARNING] An iframe which has both allow-scripts and allow-same-origin for its sandbox attribute can escape its sandboxing. @ https://adl.ksldigital.media/op.js:0
[    2007ms] [WARNING] An iframe which has both allow-scripts and allow-same-origin for its sandbox attribute can escape its sandboxing. @ https://adl.ksldigital.media/op.js:0
[    2039ms] [ERROR] Attestation check for Shared Storage on https://www.googleadservices.com failed. @ https://www.googleadservices.com/pagead/managed/js/activeview/current/reach_worklet.html:0
[    2040ms] [ERROR] Attestation check for Shared Storage on https://www.googleadservices.com failed. @ https://www.googleadservices.com/pagead/managed/js/activeview/current/reach_worklet.html:0
[    2039ms] [ERROR] Attestation check for Shared Storage on https://www.googleadservices.com failed. @ https://www.googleadservices.com/pagead/managed/js/activeview/current/reach_worklet.html:0
[    2040ms] [ERROR] Attestation check for Shared Storage on https://www.googleadservices.com failed. @ https://www.googleadservices.com/pagead/managed/js/activeview/current/reach_worklet.html:0
[    2039ms] [ERROR] Attestation check for Shared Storage on https://www.googleadservices.com failed. @ https://www.googleadservices.com/pagead/managed/js/activeview/current/reach_worklet.html:0
[    2040ms] [ERROR] Attestation check for Shared Storage on https://www.googleadservices.com failed. @ https://www.googleadservices.com/pagead/managed/js/activeview/current/reach_worklet.html:0
[    2039ms] [ERROR] Attestation check for Shared Storage on https://www.googleadservices.com failed. @ https://www.googleadservices.com/pagead/managed/js/activeview/current/reach_worklet.html:0
[    2040ms] [ERROR] Attestation check for Shared Storage on https://www.googleadservices.com failed. @ https://www.googleadservices.com/pagead/managed/js/activeview/current/reach_worklet.html:0
[    2039ms] [ERROR] Attestation check for Shared Storage on https://www.googleadservices.com failed. @ https://www.googleadservices.com/pagead/managed/js/activeview/current/reach_worklet.html:0
[    2040ms] [ERROR] Attestation check for Shared Storage on https://www.googleadservices.com failed. @ https://www.googleadservices.com/pagead/managed/js/activeview/current/reach_worklet.html:0
[    2177ms] [LOG] domain: s0.2mdn.net @ https://s0.2mdn.net/sadbundle/5282872023490494464/TDIdynamic.js:0
[    2177ms] [LOG] url: https://www.ksl.com/ @ https://s0.2mdn.net/sadbundle/5282872023490494464/TDIdynamic.js:0
[    2039ms] [ERROR] Attestation check for Shared Storage on https://www.googleadservices.com failed. @ https://www.googleadservices.com/pagead/managed/js/activeview/current/reach_worklet.html:0
[    2040ms] [ERROR] Attestation check for Shared Storage on https://www.googleadservices.com failed. @ https://www.googleadservices.com/pagead/managed/js/activeview/current/reach_worklet.html:0
[    2240ms] [LOG] domain: s0.2mdn.net @ https://s0.2mdn.net/sadbundle/16745377500078538752/TDIdynamic.js:0
[    2240ms] [LOG] url: https://www.ksl.com/ @ https://s0.2mdn.net/sadbundle/16745377500078538752/TDIdynamic.js:0
[    2241ms] [ERROR] Attestation check for Shared Storage on https://www.googleadservices.com failed. @ https://www.googleadservices.com/pagead/managed/js/activeview/current/reach_worklet.html:0
[    2243ms] [ERROR] Attestation check for Shared Storage on https://www.googleadservices.com failed. @ https://www.googleadservices.com/pagead/managed/js/activeview/current/reach_worklet.html:0
[    2265ms] [ERROR] Attestation check for Shared Storage on https://www.googleadservices.com failed. @ https://www.googleadservices.com/pagead/managed/js/activeview/current/reach_worklet.html:0
[    2309ms] [ERROR] Attestation check for Shared Storage on https://www.googleadservices.com failed. @ https://www.googleadservices.com/pagead/managed/js/activeview/current/reach_worklet.html:0
[    2309ms] [ERROR] Attestation check for Shared Storage on https://www.googleadservices.com failed. @ https://www.googleadservices.com/pagead/managed/js/activeview/current/reach_worklet.html:0
[    2039ms] [ERROR] Attestation check for Shared Storage on https://www.googleadservices.com failed. @ https://www.googleadservices.com/pagead/managed/js/activeview/current/reach_worklet.html:0
[    2040ms] [ERROR] Attestation check for Shared Storage on https://www.googleadservices.com failed. @ https://www.googleadservices.com/pagead/managed/js/activeview/current/reach_worklet.html:0
[    2241ms] [ERROR] Attestation check for Shared Storage on https://www.googleadservices.com failed. @ https://www.googleadservices.com/pagead/managed/js/activeview/current/reach_worklet.html:0
[    2243ms] [ERROR] Attestation check for Shared Storage on https://www.googleadservices.com failed. @ https://www.googleadservices.com/pagead/managed/js/activeview/current/reach_worklet.html:0
[    2265ms] [ERROR] Attestation check for Shared Storage on https://www.googleadservices.com failed. @ https://www.googleadservices.com/pagead/managed/js/activeview/current/reach_worklet.html:0
[    2309ms] [ERROR] Attestation check for Shared Storage on https://www.googleadservices.com failed. @ https://www.googleadservices.com/pagead/managed/js/activeview/current/reach_worklet.html:0
[    2309ms] [ERROR] Attestation check for Shared Storage on https://www.googleadservices.com failed. @ https://www.googleadservices.com/pagead/managed/js/activeview/current/reach_worklet.html:0
[    2449ms] [WARNING] [Audigent] script has already been initialised. Skip further execution @ https://a.ad.gt/api/v1/u/matches/454?url=https%3A%2F%2Fwww.ksl.com%2Farticle%2Fnews%2Fbusiness%2Fsen-curtis-talks-public-transit-expansion-ahead-of-temple-open-house-and-olympics%2F51611823&ref=https%3A%2F%2Fwww.ksl.com%2Farticle%2Fnews%2Fbusiness%2Fsen-curtis-talks-public-transit-expansion-ahead-of-temple-open-house-and-olympics%2F51611823:0
[    2480ms] [WARNING] [Audigent] script has already been initialised. Skip further execution @ https://a.ad.gt/api/v1/u/matches/454?_it=amazon:0
[    2491ms] [TIMEEND] a: 0.0029296875 ms @ https://static.adsafeprotected.com/sca.17.6.4.js:31
[    2505ms] [ERROR] Attestation check for Shared Storage on https://www.googleadservices.com failed. @ https://www.googleadservices.com/pagead/managed/js/activeview/current/reach_worklet.html:0
[    2563ms] Failed to read a named property 'addEventListener' from 'Window': Blocked a frame with origin "https://6e73ed94a823bc474e5420006f4b57ab.safeframe.googlesyndication.com" from accessing a cross-origin frame.
[    2593ms] [WARNING] [Audigent] script has already been initialised. Skip further execution @ https://a.ad.gt/api/v1/u/matches/788?_it=tag:0
[    2831ms] [ERROR] Access to fetch at 'https://bpb.opendns.com/b/https/id.a-mx.com/sync/?tagId=&ref=null&u=https://www.ksl.com/article/news/business/sen-curtis-talks-public-transit-expansion-ahead-of-temple-open-house-and-olympics/51611823&tl=https://www.ksl.com/article/news/business/sen-curtis-talks-public-transit-expansion-ahead-of-temple-open-house-and-olympics/51611823&nf=1&rt=true&v=11.22.0&av=2.0&vg=voltaxPlayerPrebid&us_privacy=1---&am=ceef8c68-a2aa-47d9-81f7-e1dcc3a82025&gdpr=0&gdpr_consent=' (redirected from 'https://id.a-mx.com/sync/?tagId=&ref=null&u=https://www.ksl.com/article/news/business/sen-curtis-talks-public-transit-expansion-ahead-of-temple-open-house-and-olympics/51611823&tl=https://www.ksl.com/article/news/business/sen-curtis-talks-public-transit-expansion-ahead-of-temple-open-house-and-olympics/51611823&nf=1&rt=true&v=11.22.0&av=2.0&vg=voltaxPlayerPrebid&us_privacy=1---&am=ceef8c68-a2aa-47d9-81f7-e1dcc3a82025&gdpr=0&gdpr_consent=') from origin 'https://www.ksl.com' has been blocked by CORS policy: The value of the 'Access-Control-Allow-Origin' header in the response must not be the wildcard '*' when the request's credentials mode is 'include'. @ https://www.ksl.com/article/news/business/sen-curtis-talks-public-transit-expansion-ahead-of-temple-open-house-and-olympics/51611823:0
[    2831ms] [ERROR] Failed to load resource: net::ERR_FAILED @ https://bpb.opendns.com/b/https/id.a-mx.com/sync/?tagId=&ref=null&u=https://www.ksl.com/article/news/business/sen-curtis-talks-public-transit-expansion-ahead-of-temple-open-house-and-olympics/51611823&tl=https://www.ksl.com/article/news/business/sen-curtis-talks-public-transit-expansion-ahead-of-temple-open-house-and-olympics/51611823&nf=1&rt=true&v=11.22.0&av=2.0&vg=voltaxPlayerPrebid&us_privacy=1---&am=ceef8c68-a2aa-47d9-81f7-e1dcc3a82025&gdpr=0&gdpr_consent=:0
[    2901ms] [WARNING] [Audigent] cannot access to window.top: skip check and continue SecurityError: Failed to read a named property 'document' from 'Window': Blocked a frame with origin "https://6e73ed94a823bc474e5420006f4b57ab.safeframe.googlesyndication.com" from accessing a cross-origin frame.
    at https://cdn.hadronid.net/hadron.js?url=https%3A%2F%2F6e73ed94a823bc474e5420006f4b57ab.safeframe.googlesyndication.com%2Fsafeframe%2F1-0-45%2Fhtml%2Fcontainer.html&ref=https%3A%2F%2Fwww.ksl.com%2F&_it=tag&partner_id=788&ha=ha:1:57991
    at Module.<anonymous> (https://cdn.hadronid.net/hadron.js?url=https%3A%2F%2F6e73ed94a823bc474e5420006f4b57ab.safeframe.googlesyndication.com%2Fsafeframe%2F1-0-45%2Fhtml%2Fcontainer.html&ref=https%3A%2F%2Fwww.ksl.com%2F&_it=tag&partner_id=788&ha=ha:1:59275)
    at n (https://cdn.hadronid.net/hadron.js?url=https%3A%2F%2F6e73ed94a823bc474e5420006f4b57ab.safeframe.googlesyndication.com%2Fsafeframe%2F1-0-45%2Fhtml%2Fcontainer.html&ref=https%3A%2F%2Fwww.ksl.com%2F&_it=tag&partner_id=788&ha=ha:1:110)
    at https://cdn.hadronid.net/hadron.js?url=https%3A%2F%2F6e73ed94a823bc474e5420006f4b57ab.safeframe.googlesyndication.com%2Fsafeframe%2F1-0-45%2Fhtml%2Fcontainer.html&ref=https%3A%2F%2Fwww.ksl.com%2F&_it=tag&partner_id=788&ha=ha:1:902
    at https://cdn.hadronid.net/hadron.js?url=https%3A%2F%2F6e73ed94a823bc474e5420006f4b57ab.safeframe.googlesyndication.com%2Fsafeframe%2F1-0-45%2Fhtml%2Fcontainer.html&ref=https%3A%2F%2Fwww.ksl.com%2F&_it=tag&partner_id=788&ha=ha:1:911 @ https://cdn.hadronid.net/hadron.js?url=https%3A%2F%2F6e73ed94a823bc474e5420006f4b57ab.safeframe.googlesyndication.com%2Fsafeframe%2F1-0-45%2Fhtml%2Fcontainer.html&ref=https%3A%2F%2Fwww.ksl.com%2F&_it=tag&partner_id=788&ha=ha:0
[    2980ms] [WARNING] [Audigent] cannot access to window.top: skip check and continue SecurityError: Failed to read a named property 'document' from 'Window': Blocked a frame with origin "https://6e73ed94a823bc474e5420006f4b57ab.safeframe.googlesyndication.com" from accessing a cross-origin frame.
    at https://cdn.hadronid.net/hadron.js?partner_id=788&sync=1&url=https%3A%2F%2F6e73ed94a823bc474e5420006f4b57ab.safeframe.googlesyndication.com%2Fsafeframe%2F1-0-45%2Fhtml%2Fcontainer.html:1:57991
    at Module.<anonymous> (https://cdn.hadronid.net/hadron.js?partner_id=788&sync=1&url=https%3A%2F%2F6e73ed94a823bc474e5420006f4b57ab.safeframe.googlesyndication.com%2Fsafeframe%2F1-0-45%2Fhtml%2Fcontainer.html:1:59275)
    at n (https://cdn.hadronid.net/hadron.js?partner_id=788&sync=1&url=https%3A%2F%2F6e73ed94a823bc474e5420006f4b57ab.safeframe.googlesyndication.com%2Fsafeframe%2F1-0-45%2Fhtml%2Fcontainer.html:1:110)
    at https://cdn.hadronid.net/hadron.js?partner_id=788&sync=1&url=https%3A%2F%2F6e73ed94a823bc474e5420006f4b57ab.safeframe.googlesyndication.com%2Fsafeframe%2F1-0-45%2Fhtml%2Fcontainer.html:1:902
    at https://cdn.hadronid.net/hadron.js?partner_id=788&sync=1&url=https%3A%2F%2F6e73ed94a823bc474e5420006f4b57ab.safeframe.googlesyndication.com%2Fsafeframe%2F1-0-45%2Fhtml%2Fcontainer.html:1:911 @ https://cdn.hadronid.net/hadron.js?partner_id=788&sync=1&url=https%3A%2F%2F6e73ed94a823bc474e5420006f4b57ab.safeframe.googlesyndication.com%2Fsafeframe%2F1-0-45%2Fhtml%2Fcontainer.html:0
[    3065ms] [WARNING] [Audigent] script has already been initialised. Skip further execution @ https://a.ad.gt/api/v1/u/matches/788?_it=tag:0
[    3205ms] [WARNING] [Audigent] cannot find __gpp framework @ https://a.ad.gt/api/v1/u/matches/788?url=https%3A%2F%2Fwww.ksl.com%2Farticle%2Fnews%2Fbusiness%2Fsen-curtis-talks-public-transit-expansion-ahead-of-temple-open-house-and-olympics%2F51611823&ref=https%3A%2F%2Fwww.ksl.com%2Farticle%2Fnews%2Fbusiness%2Fsen-curtis-talks-public-transit-expansion-ahead-of-temple-open-house-and-olympics%2F51611823:0
[    3232ms] [LOG] Viewable Complete Thu Aug 20 2026 14:30:31 GMT-0600 (Mountain Daylight Time) {percentViewable: 0.957446813583374, technique: IntersectionObserver, viewable: true, viewportWidth: 728, viewportHeight: 94} @ https://dsp-creative.demandbase.com/js/v.js?ad=CiRmYzNjMGMyYy05Y2Q1LTExZjEtOWFkNS0yN2MzZWM5NTY2Y2QQhJ89GKmlQiCvgwIoh7FuMJ21nxM6JDg1NjFjMjAyLThmNjgtNGY0Mi05MDIyLTQwZGYxZDU0YTk1ZEICaXhIkANQFGIobm9faW50ZW50LGRlbWFuZGJhc2UuY29tL3ZhcmlhbnQ6ZGlzYWJsZWoLd3d3LmtzbC5jb21yA1VTQXoFVVMtVVSCAQ4yMTYuNDkuMTgxLjI1MpAB2ASgARSwAYBkyAECgALo7nyKAgUzMzE5OZICCHVzLXdlc3Qy.iJmYHw:49
[    3722ms] [WARNING] [Audigent] cannot find __gpp framework @ https://a.ad.gt/api/v1/u/matches/788?url=https%3A%2F%2F6e73ed94a823bc474e5420006f4b57ab.safeframe.googlesyndication.com%2Fsafeframe%2F1-0-45%2Fhtml%2Fcontainer.html&ref=https%3A%2F%2Fwww.ksl.com%2F:0
[    2039ms] [ERROR] Attestation check for Shared Storage on https://www.googleadservices.com failed. @ https://www.googleadservices.com/pagead/managed/js/activeview/current/reach_worklet.html:0
[    2040ms] [ERROR] Attestation check for Shared Storage on https://www.googleadservices.com failed. @ https://www.googleadservices.com/pagead/managed/js/activeview/current/reach_worklet.html:0
[    2241ms] [ERROR] Attestation check for Shared Storage on https://www.googleadservices.com failed. @ https://www.googleadservices.com/pagead/managed/js/activeview/current/reach_worklet.html:0
[    2243ms] [ERROR] Attestation check for Shared Storage on https://www.googleadservices.com failed. @ https://www.googleadservices.com/pagead/managed/js/activeview/current/reach_worklet.html:0
[    2265ms] [ERROR] Attestation check for Shared Storage on https://www.googleadservices.com failed. @ https://www.googleadservices.com/pagead/managed/js/activeview/current/reach_worklet.html:0
[    2309ms] [ERROR] Attestation check for Shared Storage on https://www.googleadservices.com failed. @ https://www.googleadservices.com/pagead/managed/js/activeview/current/reach_worklet.html:0
[    2309ms] [ERROR] Attestation check for Shared Storage on https://www.googleadservices.com failed. @ https://www.googleadservices.com/pagead/managed/js/activeview/current/reach_worklet.html:0
[    2505ms] [ERROR] Attestation check for Shared Storage on https://www.googleadservices.com failed. @ https://www.googleadservices.com/pagead/managed/js/activeview/current/reach_worklet.html:0
[    4323ms] [ERROR] Attestation check for Shared Storage on https://www.googleadservices.com failed. @ https://www.googleadservices.com/pagead/managed/js/activeview/current/reach_worklet.html:0
[    4640ms] Failed to read a named property 'addEventListener' from 'Window': Blocked a frame with origin "https://6e73ed94a823bc474e5420006f4b57ab.safeframe.googlesyndication.com" from accessing a cross-origin frame.
