[     242ms] [LOG] Visibility threshold pct=50, Visibility threshold ms = 0 @ https://tag.durationmedia.net/sites/11159/dm.js:0
[     317ms] [LOG] Braze: Initialization Options: {
  "baseUrl": "sdk.iad-07.braze.com",
  "allowUserSuppliedJavascript": true,
  "enableLogging": true
} @ https://js.appboycdn.com/web-sdk/5.8/braze.no-amd.min.js:23
[     319ms] [LOG] Braze: Initialized for the Braze backend at "sdk.iad-07.braze.com" with API key "08279373-5f4c-4539-9a3e-117896d5ed15". @ https://js.appboycdn.com/web-sdk/5.8/braze.no-amd.min.js:23
[     365ms] [ERROR] Access to fetch at 'https://region-filter.rubyblu.com/check' from origin 'https://www.ksl.com' has been blocked by CORS policy: No 'Access-Control-Allow-Origin' header is present on the requested resource. @ https://www.ksl.com/article/51614284/taylorsville-man-accused-of-holding-woman-hostage-for-3-days-faces-20-charges:0
[     365ms] [ERROR] Failed to load resource: net::ERR_FAILED @ https://region-filter.rubyblu.com/check:0
[     375ms] [LOG] Main bundle loaded (base.twig) @ https://www.ksl.com/article/51614284/taylorsville-man-accused-of-holding-woman-hostage-for-3-days-faces-20-charges:2548
[     565ms] [WARNING] [GPT] PubAdsService.setTargeting is deprecated, use googletag.setConfig({targeting: ...}) instead.
https://goo.gle/gpt-message#170 @ https://securepubads.g.doubleclick.net/pagead/managed/js/gpt/m202608190101/pubads_impl.js?cb=122880556:18
[     565ms] [WARNING] [GPT] Slot.setTargeting is deprecated, use Slot.setConfig({targeting: ...}) instead.
https://goo.gle/gpt-message#171 @ https://securepubads.g.doubleclick.net/pagead/managed/js/gpt/m202608190101/pubads_impl.js?cb=122880556:18
[     588ms] [WARNING] [Audigent] script has already been initialised. Skip further execution @ https://a.ad.gt/api/v1/u/matches/454?url=https%3A%2F%2Fwww.ksl.com%2Farticle%2F51614284%2Ftaylorsville-man-accused-of-holding-woman-hostage-for-3-days-faces-20-charges&ref=:0
[     783ms] [WARNING] [Audigent] script has already been initialised. Skip further execution @ https://a.ad.gt/api/v1/u/matches/454?_it=0:0
[     912ms] [ERROR] Failed to load resource: the server responded with a status of 404 () @ https://sync.crwdcntrl.net/qmap?c=2700&tp=UNDR&gdpr=&gdpr_consent=&tpid=6ay5svzm87u89jfal5avjehri:0
[     913ms] [ERROR] Access to fetch at 'https://bpb.opendns.com/b/https/id.a-mx.com/sync/?tagId=&ref=null&u=https://www.ksl.com/article/51614284/taylorsville-man-accused-of-holding-woman-hostage-for-3-days-faces-20-charges&tl=https://www.ksl.com/article/51614284/taylorsville-man-accused-of-holding-woman-hostage-for-3-days-faces-20-charges&nf=0&rt=true&v=11.22.0&av=2.0&vg=voltaxPlayerPrebid&us_privacy=null&am=ceef8c68-a2aa-47d9-81f7-e1dcc3a82025&gdpr=0&gdpr_consent=' (redirected from 'https://id.a-mx.com/sync/?tagId=&ref=null&u=https://www.ksl.com/article/51614284/taylorsville-man-accused-of-holding-woman-hostage-for-3-days-faces-20-charges&tl=https://www.ksl.com/article/51614284/taylorsville-man-accused-of-holding-woman-hostage-for-3-days-faces-20-charges&nf=0&rt=true&v=11.22.0&av=2.0&vg=voltaxPlayerPrebid&us_privacy=null&am=ceef8c68-a2aa-47d9-81f7-e1dcc3a82025&gdpr=0&gdpr_consent=') from origin 'https://www.ksl.com' has been blocked by CORS policy: The value of the 'Access-Control-Allow-Origin' header in the response must not be the wildcard '*' when the request's credentials mode is 'include'. @ https://www.ksl.com/article/51614284/taylorsville-man-accused-of-holding-woman-hostage-for-3-days-faces-20-charges:0
[     913ms] [ERROR] Failed to load resource: net::ERR_FAILED @ https://bpb.opendns.com/b/https/id.a-mx.com/sync/?tagId=&ref=null&u=https://www.ksl.com/article/51614284/taylorsville-man-accused-of-holding-woman-hostage-for-3-days-faces-20-charges&tl=https://www.ksl.com/article/51614284/taylorsville-man-accused-of-holding-woman-hostage-for-3-days-faces-20-charges&nf=0&rt=true&v=11.22.0&av=2.0&vg=voltaxPlayerPrebid&us_privacy=null&am=ceef8c68-a2aa-47d9-81f7-e1dcc3a82025&gdpr=0&gdpr_consent=:0
[    1214ms] [WARNING] [Audigent] script has already been initialised. Skip further execution @ https://a.ad.gt/api/v1/u/matches/788?_it=tag:0
[    1459ms] [ERROR] Failed to load resource: net::ERR_NAME_NOT_RESOLVED @ https://ksl-d.openx.net/w/1.0/jstag?nc=6686-KSL_News:0
[    1674ms] [ERROR] Access to fetch at 'https://bpb.opendns.com/b/https/id.a-mx.com/sync/?tagId=&ref=null&u=https://www.ksl.com/article/51614284/taylorsville-man-accused-of-holding-woman-hostage-for-3-days-faces-20-charges&tl=https://www.ksl.com/article/51614284/taylorsville-man-accused-of-holding-woman-hostage-for-3-days-faces-20-charges&nf=0&rt=true&v=11.22.0&av=2.0&vg=voltaxPlayerPrebid&us_privacy=1---&am=ceef8c68-a2aa-47d9-81f7-e1dcc3a82025&gdpr=0&gdpr_consent=' (redirected from 'https://id.a-mx.com/sync/?tagId=&ref=null&u=https://www.ksl.com/article/51614284/taylorsville-man-accused-of-holding-woman-hostage-for-3-days-faces-20-charges&tl=https://www.ksl.com/article/51614284/taylorsville-man-accused-of-holding-woman-hostage-for-3-days-faces-20-charges&nf=0&rt=true&v=11.22.0&av=2.0&vg=voltaxPlayerPrebid&us_privacy=1---&am=ceef8c68-a2aa-47d9-81f7-e1dcc3a82025&gdpr=0&gdpr_consent=') from origin 'https://www.ksl.com' has been blocked by CORS policy: The value of the 'Access-Control-Allow-Origin' header in the response must not be the wildcard '*' when the request's credentials mode is 'include'. @ https://www.ksl.com/article/51614284/taylorsville-man-accused-of-holding-woman-hostage-for-3-days-faces-20-charges:0
[    1674ms] [ERROR] Failed to load resource: net::ERR_FAILED @ https://bpb.opendns.com/b/https/id.a-mx.com/sync/?tagId=&ref=null&u=https://www.ksl.com/article/51614284/taylorsville-man-accused-of-holding-woman-hostage-for-3-days-faces-20-charges&tl=https://www.ksl.com/article/51614284/taylorsville-man-accused-of-holding-woman-hostage-for-3-days-faces-20-charges&nf=0&rt=true&v=11.22.0&av=2.0&vg=voltaxPlayerPrebid&us_privacy=1---&am=ceef8c68-a2aa-47d9-81f7-e1dcc3a82025&gdpr=0&gdpr_consent=:0
[    1722ms] [ERROR] Failed to load resource: net::ERR_NAME_NOT_RESOLVED @ https://tags.bluekai.com/site/2964?id=vXCSuPvc1WX9mB5:0
[    2019ms] [WARNING] An iframe which has both allow-scripts and allow-same-origin for its sandbox attribute can escape its sandboxing. @ https://adl.ksldigital.media/op.js:0
[    2050ms] [WARNING] An iframe which has both allow-scripts and allow-same-origin for its sandbox attribute can escape its sandboxing. @ https://adl.ksldigital.media/op.js:0
[    2088ms] [WARNING] An iframe which has both allow-scripts and allow-same-origin for its sandbox attribute can escape its sandboxing. @ https://adl.ksldigital.media/op.js:0
[    2124ms] [WARNING] An iframe which has both allow-scripts and allow-same-origin for its sandbox attribute can escape its sandboxing. @ https://adl.ksldigital.media/op.js:0
[    2160ms] [WARNING] An iframe which has both allow-scripts and allow-same-origin for its sandbox attribute can escape its sandboxing. @ https://adl.ksldigital.media/op.js:0
[    2329ms] [LOG] domain: s0.2mdn.net @ https://s0.2mdn.net/sadbundle/10555742762211213312/TDIdynamic.js:0
[    2329ms] [LOG] url: https://www.ksl.com/ @ https://s0.2mdn.net/sadbundle/10555742762211213312/TDIdynamic.js:0
[    2340ms] [ERROR] Attestation check for Shared Storage on https://www.googleadservices.com failed. @ https://www.googleadservices.com/pagead/managed/js/activeview/current/reach_worklet.html:0
[    2364ms] [ERROR] Attestation check for Shared Storage on https://www.googleadservices.com failed. @ https://www.googleadservices.com/pagead/managed/js/activeview/current/reach_worklet.html:0
[    2365ms] [ERROR] Attestation check for Shared Storage on https://www.googleadservices.com failed. @ https://www.googleadservices.com/pagead/managed/js/activeview/current/reach_worklet.html:0
[    2366ms] [ERROR] Attestation check for Shared Storage on https://www.googleadservices.com failed. @ https://www.googleadservices.com/pagead/managed/js/activeview/current/reach_worklet.html:0
[    2367ms] [ERROR] Attestation check for Shared Storage on https://www.googleadservices.com failed. @ https://www.googleadservices.com/pagead/managed/js/activeview/current/reach_worklet.html:0
[    2370ms] [ERROR] Attestation check for Shared Storage on https://www.googleadservices.com failed. @ https://www.googleadservices.com/pagead/managed/js/activeview/current/reach_worklet.html:0
[    2606ms] [WARNING] [Audigent] script has already been initialised. Skip further execution @ https://a.ad.gt/api/v1/u/matches/454?url=https%3A%2F%2Fwww.ksl.com%2Farticle%2F51614284%2Ftaylorsville-man-accused-of-holding-woman-hostage-for-3-days-faces-20-charges&ref=https%3A%2F%2Fwww.ksl.com%2Farticle%2F51614284%2Ftaylorsville-man-accused-of-holding-woman-hostage-for-3-days-faces-20-charges:0
[    2612ms] [WARNING] [Audigent] script has already been initialised. Skip further execution @ https://a.ad.gt/api/v1/u/matches/454?url=https%3A%2F%2Fwww.ksl.com%2Farticle%2F51614284%2Ftaylorsville-man-accused-of-holding-woman-hostage-for-3-days-faces-20-charges&ref=https%3A%2F%2Fwww.ksl.com%2Farticle%2F51614284%2Ftaylorsville-man-accused-of-holding-woman-hostage-for-3-days-faces-20-charges:0
[    2679ms] [WARNING] [Audigent] script has already been initialised. Skip further execution @ https://a.ad.gt/api/v1/u/matches/454?_it=amazon:0
[    2690ms] [TIMEEND] a: 0.0009765625 ms @ https://static.adsafeprotected.com/sca.17.6.4.js:31
[    2706ms] [WARNING] [Audigent] script has already been initialised. Skip further execution @ https://a.ad.gt/api/v1/u/matches/454?_it=amazon:0
[    2761ms] [WARNING] [Audigent] script has already been initialised. Skip further execution @ https://a.ad.gt/api/v1/u/matches/788?_it=tag:0
[    2776ms] [WARNING] [Audigent] script has already been initialised. Skip further execution @ https://a.ad.gt/api/v1/u/matches/788?_it=tag:0
[    3006ms] [ERROR] Access to fetch at 'https://bpb.opendns.com/b/https/id.a-mx.com/sync/?tagId=&ref=null&u=https://www.ksl.com/article/51614284/taylorsville-man-accused-of-holding-woman-hostage-for-3-days-faces-20-charges&tl=https://www.ksl.com/article/51614284/taylorsville-man-accused-of-holding-woman-hostage-for-3-days-faces-20-charges&nf=1&rt=true&v=11.22.0&av=2.0&vg=voltaxPlayerPrebid&us_privacy=1---&am=ceef8c68-a2aa-47d9-81f7-e1dcc3a82025&gdpr=0&gdpr_consent=' (redirected from 'https://id.a-mx.com/sync/?tagId=&ref=null&u=https://www.ksl.com/article/51614284/taylorsville-man-accused-of-holding-woman-hostage-for-3-days-faces-20-charges&tl=https://www.ksl.com/article/51614284/taylorsville-man-accused-of-holding-woman-hostage-for-3-days-faces-20-charges&nf=1&rt=true&v=11.22.0&av=2.0&vg=voltaxPlayerPrebid&us_privacy=1---&am=ceef8c68-a2aa-47d9-81f7-e1dcc3a82025&gdpr=0&gdpr_consent=') from origin 'https://www.ksl.com' has been blocked by CORS policy: The value of the 'Access-Control-Allow-Origin' header in the response must not be the wildcard '*' when the request's credentials mode is 'include'. @ https://www.ksl.com/article/51614284/taylorsville-man-accused-of-holding-woman-hostage-for-3-days-faces-20-charges:0
[    3006ms] [ERROR] Failed to load resource: net::ERR_FAILED @ https://bpb.opendns.com/b/https/id.a-mx.com/sync/?tagId=&ref=null&u=https://www.ksl.com/article/51614284/taylorsville-man-accused-of-holding-woman-hostage-for-3-days-faces-20-charges&tl=https://www.ksl.com/article/51614284/taylorsville-man-accused-of-holding-woman-hostage-for-3-days-faces-20-charges&nf=1&rt=true&v=11.22.0&av=2.0&vg=voltaxPlayerPrebid&us_privacy=1---&am=ceef8c68-a2aa-47d9-81f7-e1dcc3a82025&gdpr=0&gdpr_consent=:0
[    3039ms] [ERROR] Access to fetch at 'https://bpb.opendns.com/b/https/id.a-mx.com/sync/?tagId=&ref=null&u=https://www.ksl.com/article/51614284/taylorsville-man-accused-of-holding-woman-hostage-for-3-days-faces-20-charges&tl=https://www.ksl.com/article/51614284/taylorsville-man-accused-of-holding-woman-hostage-for-3-days-faces-20-charges&nf=1&rt=true&v=11.22.0&av=2.0&vg=voltaxPlayerPrebid&us_privacy=1---&am=ceef8c68-a2aa-47d9-81f7-e1dcc3a82025&gdpr=0&gdpr_consent=' (redirected from 'https://id.a-mx.com/sync/?tagId=&ref=null&u=https://www.ksl.com/article/51614284/taylorsville-man-accused-of-holding-woman-hostage-for-3-days-faces-20-charges&tl=https://www.ksl.com/article/51614284/taylorsville-man-accused-of-holding-woman-hostage-for-3-days-faces-20-charges&nf=1&rt=true&v=11.22.0&av=2.0&vg=voltaxPlayerPrebid&us_privacy=1---&am=ceef8c68-a2aa-47d9-81f7-e1dcc3a82025&gdpr=0&gdpr_consent=') from origin 'https://www.ksl.com' has been blocked by CORS policy: The value of the 'Access-Control-Allow-Origin' header in the response must not be the wildcard '*' when the request's credentials mode is 'include'. @ https://www.ksl.com/article/51614284/taylorsville-man-accused-of-holding-woman-hostage-for-3-days-faces-20-charges:0
[    3039ms] [ERROR] Failed to load resource: net::ERR_FAILED @ https://bpb.opendns.com/b/https/id.a-mx.com/sync/?tagId=&ref=null&u=https://www.ksl.com/article/51614284/taylorsville-man-accused-of-holding-woman-hostage-for-3-days-faces-20-charges&tl=https://www.ksl.com/article/51614284/taylorsville-man-accused-of-holding-woman-hostage-for-3-days-faces-20-charges&nf=1&rt=true&v=11.22.0&av=2.0&vg=voltaxPlayerPrebid&us_privacy=1---&am=ceef8c68-a2aa-47d9-81f7-e1dcc3a82025&gdpr=0&gdpr_consent=:0
[    3371ms] [WARNING] [Audigent] cannot find __gpp framework @ https://a.ad.gt/api/v1/u/matches/788?url=https%3A%2F%2Fwww.ksl.com%2Farticle%2F51614284%2Ftaylorsville-man-accused-of-holding-woman-hostage-for-3-days-faces-20-charges&ref=https%3A%2F%2Fwww.ksl.com%2Farticle%2F51614284%2Ftaylorsville-man-accused-of-holding-woman-hostage-for-3-days-faces-20-charges:0
[    3371ms] [WARNING] [Audigent] cannot find __gpp framework @ https://a.ad.gt/api/v1/u/matches/788?url=https%3A%2F%2Fwww.ksl.com%2Farticle%2F51614284%2Ftaylorsville-man-accused-of-holding-woman-hostage-for-3-days-faces-20-charges&ref=https%3A%2F%2Fwww.ksl.com%2Farticle%2F51614284%2Ftaylorsville-man-accused-of-holding-woman-hostage-for-3-days-faces-20-charges:0
