[     168ms] [LOG] Visibility threshold pct=50, Visibility threshold ms = 0 @ https://tag.durationmedia.net/sites/11159/dm.js:0
[     207ms] [LOG] Braze: Initialization Options: {
  "baseUrl": "sdk.iad-07.braze.com",
  "allowUserSuppliedJavascript": true,
  "enableLogging": true
} @ https://js.appboycdn.com/web-sdk/5.8/braze.no-amd.min.js:23
[     208ms] [LOG] Braze: Initialized for the Braze backend at "sdk.iad-07.braze.com" with API key "08279373-5f4c-4539-9a3e-117896d5ed15". @ https://js.appboycdn.com/web-sdk/5.8/braze.no-amd.min.js:23
[     220ms] [LOG] Main bundle loaded (base.twig) @ https://www.ksl.com/article/51611467/logan-man-swims-length-of-bear-lake-prepares-to-cross-english-channel:2608
[     257ms] [ERROR] Access to fetch at 'https://region-filter.rubyblu.com/check' from origin 'https://www.ksl.com' has been blocked by CORS policy: No 'Access-Control-Allow-Origin' header is present on the requested resource. @ https://www.ksl.com/article/51611467/logan-man-swims-length-of-bear-lake-prepares-to-cross-english-channel:0
[     257ms] [ERROR] Failed to load resource: net::ERR_FAILED @ https://region-filter.rubyblu.com/check:0
[     344ms] [WARNING] [GPT] PubAdsService.setTargeting is deprecated, use googletag.setConfig({targeting: ...}) instead.
https://goo.gle/gpt-message#170 @ https://securepubads.g.doubleclick.net/pagead/managed/js/gpt/m202608190101/pubads_impl.js?cb=122880556:18
[     345ms] [WARNING] [GPT] Slot.setTargeting is deprecated, use Slot.setConfig({targeting: ...}) instead.
https://goo.gle/gpt-message#171 @ https://securepubads.g.doubleclick.net/pagead/managed/js/gpt/m202608190101/pubads_impl.js?cb=122880556:18
[     458ms] [LOG] Could not find Google Analytics Interface. {label: file, gtag: gtag, idstring: title} @ https://ssl.p.jwpcdn.com/player/v/8.50.0/gapro.js:0
[     484ms] [WARNING] fun-hooks: referenced 'adpod' but it was never created @ https://ssl.p.jwpcdn.com/player/v/8.50.0/bidding.js:6
[     605ms] [WARNING] [Audigent] script has already been initialised. Skip further execution @ https://a.ad.gt/api/v1/u/matches/454?_it=amazon:0
[     709ms] [ERROR] Failed to load resource: net::ERR_NAME_NOT_RESOLVED @ https://search.spotxchange.com/openrtb/2.3/dados/225898?src_sys=prebid:0
[     709ms] [ERROR] Failed to load resource: net::ERR_NAME_NOT_RESOLVED @ https://search.spotxchange.com/openrtb/2.3/dados/225898?src_sys=prebid:0
[     759ms] [WARNING] [Audigent] script has already been initialised. Skip further execution @ https://a.ad.gt/api/v1/u/matches/454?_it=0:0
[     774ms] [ERROR] Failed to load resource: net::ERR_SSL_VERSION_OR_CIPHER_MISMATCH @ https://grid.bidswitch.net/hbjson?no_mapping=1&sp=jwp:0
[     777ms] [ERROR] Failed to load resource: net::ERR_SSL_VERSION_OR_CIPHER_MISMATCH @ https://grid.bidswitch.net/hbjson?no_mapping=1&sp=jwp:0
[     824ms] [ERROR] Access to fetch at 'https://bpb.opendns.com/b/https/id.a-mx.com/sync/?tagId=&ref=null&u=https://www.ksl.com/article/51611467/logan-man-swims-length-of-bear-lake-prepares-to-cross-english-channel&tl=https://www.ksl.com/article/51611467/logan-man-swims-length-of-bear-lake-prepares-to-cross-english-channel&nf=0&rt=true&v=11.22.0&av=2.0&vg=voltaxPlayerPrebid&us_privacy=1---&am=ceef8c68-a2aa-47d9-81f7-e1dcc3a82025&gdpr=0&gdpr_consent=' (redirected from 'https://id.a-mx.com/sync/?tagId=&ref=null&u=https://www.ksl.com/article/51611467/logan-man-swims-length-of-bear-lake-prepares-to-cross-english-channel&tl=https://www.ksl.com/article/51611467/logan-man-swims-length-of-bear-lake-prepares-to-cross-english-channel&nf=0&rt=true&v=11.22.0&av=2.0&vg=voltaxPlayerPrebid&us_privacy=1---&am=ceef8c68-a2aa-47d9-81f7-e1dcc3a82025&gdpr=0&gdpr_consent=') from origin 'https://www.ksl.com' has been blocked by CORS policy: The value of the 'Access-Control-Allow-Origin' header in the response must not be the wildcard '*' when the request's credentials mode is 'include'. @ https://www.ksl.com/article/51611467/logan-man-swims-length-of-bear-lake-prepares-to-cross-english-channel:0
[     824ms] [ERROR] Failed to load resource: net::ERR_FAILED @ https://bpb.opendns.com/b/https/id.a-mx.com/sync/?tagId=&ref=null&u=https://www.ksl.com/article/51611467/logan-man-swims-length-of-bear-lake-prepares-to-cross-english-channel&tl=https://www.ksl.com/article/51611467/logan-man-swims-length-of-bear-lake-prepares-to-cross-english-channel&nf=0&rt=true&v=11.22.0&av=2.0&vg=voltaxPlayerPrebid&us_privacy=1---&am=ceef8c68-a2aa-47d9-81f7-e1dcc3a82025&gdpr=0&gdpr_consent=:0
[     827ms] [ERROR] Failed to load resource: the server responded with a status of 404 () @ https://sync.crwdcntrl.net/qmap?c=2700&tp=UNDR&gdpr=&gdpr_consent=&tpid=6ay5svzm87u89jfal5avjehri:0
[    1146ms] [WARNING] [Audigent] script has already been initialised. Skip further execution @ https://a.ad.gt/api/v1/u/matches/788?_it=tag:0
[    1326ms] [ERROR] Failed to load resource: net::ERR_NAME_NOT_RESOLVED @ https://ksl-d.openx.net/w/1.0/jstag?nc=6686-KSL_News:0
[    1406ms] [WARNING] An iframe which has both allow-scripts and allow-same-origin for its sandbox attribute can escape its sandboxing. @ https://adl.ksldigital.media/op.js:0
[    1440ms] [WARNING] An iframe which has both allow-scripts and allow-same-origin for its sandbox attribute can escape its sandboxing. @ https://adl.ksldigital.media/op.js:0
[    1468ms] [WARNING] An iframe which has both allow-scripts and allow-same-origin for its sandbox attribute can escape its sandboxing. @ https://adl.ksldigital.media/op.js:0
[    1509ms] [WARNING] An iframe which has both allow-scripts and allow-same-origin for its sandbox attribute can escape its sandboxing. @ https://adl.ksldigital.media/op.js:0
[    1681ms] [ERROR] Attestation check for Shared Storage on https://www.googleadservices.com failed. @ https://www.googleadservices.com/pagead/managed/js/activeview/current/reach_worklet.html:0
[    1694ms] [LOG] domain: s0.2mdn.net @ https://s0.2mdn.net/sadbundle/11462514399684591616/TDIdynamic.js:0
[    1694ms] [LOG] url: https://www.ksl.com/ @ https://s0.2mdn.net/sadbundle/11462514399684591616/TDIdynamic.js:0
[    1716ms] [ERROR] Attestation check for Shared Storage on https://www.googleadservices.com failed. @ https://www.googleadservices.com/pagead/managed/js/activeview/current/reach_worklet.html:0
[    1717ms] [ERROR] Attestation check for Shared Storage on https://www.googleadservices.com failed. @ https://www.googleadservices.com/pagead/managed/js/activeview/current/reach_worklet.html:0
[    1720ms] [ERROR] Attestation check for Shared Storage on https://www.googleadservices.com failed. @ https://www.googleadservices.com/pagead/managed/js/activeview/current/reach_worklet.html:0
[    1721ms] [ERROR] Attestation check for Shared Storage on https://www.googleadservices.com failed. @ https://www.googleadservices.com/pagead/managed/js/activeview/current/reach_worklet.html:0
[    1732ms] [ERROR] Attestation check for Shared Storage on https://www.googleadservices.com failed. @ https://www.googleadservices.com/pagead/managed/js/activeview/current/reach_worklet.html:0
[    1681ms] [ERROR] Attestation check for Shared Storage on https://www.googleadservices.com failed. @ https://www.googleadservices.com/pagead/managed/js/activeview/current/reach_worklet.html:0
[    1716ms] [ERROR] Attestation check for Shared Storage on https://www.googleadservices.com failed. @ https://www.googleadservices.com/pagead/managed/js/activeview/current/reach_worklet.html:0
[    1717ms] [ERROR] Attestation check for Shared Storage on https://www.googleadservices.com failed. @ https://www.googleadservices.com/pagead/managed/js/activeview/current/reach_worklet.html:0
[    1720ms] [ERROR] Attestation check for Shared Storage on https://www.googleadservices.com failed. @ https://www.googleadservices.com/pagead/managed/js/activeview/current/reach_worklet.html:0
[    1721ms] [ERROR] Attestation check for Shared Storage on https://www.googleadservices.com failed. @ https://www.googleadservices.com/pagead/managed/js/activeview/current/reach_worklet.html:0
[    1732ms] [ERROR] Attestation check for Shared Storage on https://www.googleadservices.com failed. @ https://www.googleadservices.com/pagead/managed/js/activeview/current/reach_worklet.html:0
[    1681ms] [ERROR] Attestation check for Shared Storage on https://www.googleadservices.com failed. @ https://www.googleadservices.com/pagead/managed/js/activeview/current/reach_worklet.html:0
[    1716ms] [ERROR] Attestation check for Shared Storage on https://www.googleadservices.com failed. @ https://www.googleadservices.com/pagead/managed/js/activeview/current/reach_worklet.html:0
[    1717ms] [ERROR] Attestation check for Shared Storage on https://www.googleadservices.com failed. @ https://www.googleadservices.com/pagead/managed/js/activeview/current/reach_worklet.html:0
[    1720ms] [ERROR] Attestation check for Shared Storage on https://www.googleadservices.com failed. @ https://www.googleadservices.com/pagead/managed/js/activeview/current/reach_worklet.html:0
[    1721ms] [ERROR] Attestation check for Shared Storage on https://www.googleadservices.com failed. @ https://www.googleadservices.com/pagead/managed/js/activeview/current/reach_worklet.html:0
[    1732ms] [ERROR] Attestation check for Shared Storage on https://www.googleadservices.com failed. @ https://www.googleadservices.com/pagead/managed/js/activeview/current/reach_worklet.html:0
[    1913ms] [ERROR] Attestation check for Shared Storage on https://www.googleadservices.com failed. @ https://www.googleadservices.com/pagead/managed/js/activeview/current/reach_worklet.html:0
[    1939ms] [ERROR] Attestation check for Shared Storage on https://www.googleadservices.com failed. @ https://www.googleadservices.com/pagead/managed/js/activeview/current/reach_worklet.html:0
[    2057ms] [WARNING] [Audigent] script has already been initialised. Skip further execution @ https://a.ad.gt/api/v1/u/matches/454?url=https%3A%2F%2Fwww.ksl.com%2Farticle%2F51611467%2Flogan-man-swims-length-of-bear-lake-prepares-to-cross-english-channel&ref=https%3A%2F%2Fwww.ksl.com%2Farticle%2F51611467%2Flogan-man-swims-length-of-bear-lake-prepares-to-cross-english-channel:0
[    2057ms] [WARNING] [Audigent] script has already been initialised. Skip further execution @ https://a.ad.gt/api/v1/u/matches/454?url=https%3A%2F%2Fwww.ksl.com%2Farticle%2F51611467%2Flogan-man-swims-length-of-bear-lake-prepares-to-cross-english-channel&ref=https%3A%2F%2Fwww.ksl.com%2Farticle%2F51611467%2Flogan-man-swims-length-of-bear-lake-prepares-to-cross-english-channel:0
[    2059ms] [TIMEEND] a: 0.001220703125 ms @ https://static.adsafeprotected.com/sca.17.6.4.js:31
[    2108ms] [WARNING] [Audigent] script has already been initialised. Skip further execution @ https://a.ad.gt/api/v1/u/matches/454?_it=amazon:0
[    2144ms] [WARNING] [Audigent] script has already been initialised. Skip further execution @ https://a.ad.gt/api/v1/u/matches/788?_it=tag:0
[    2145ms] [WARNING] [Audigent] script has already been initialised. Skip further execution @ https://a.ad.gt/api/v1/u/matches/788?_it=tag:0
[    2145ms] [WARNING] [Audigent] script has already been initialised. Skip further execution @ https://a.ad.gt/api/v1/u/matches/454?_it=amazon:0
[    2193ms] Failed to read a named property 'addEventListener' from 'Window': Blocked a frame with origin "https://c19c330047140479258ff6c88ffa44a1.safeframe.googlesyndication.com" from accessing a cross-origin frame.
[    2451ms] [ERROR] Access to fetch at 'https://bpb.opendns.com/b/https/id.a-mx.com/sync/?tagId=&ref=null&u=https://www.ksl.com/article/51611467/logan-man-swims-length-of-bear-lake-prepares-to-cross-english-channel&tl=https://www.ksl.com/article/51611467/logan-man-swims-length-of-bear-lake-prepares-to-cross-english-channel&nf=1&rt=true&v=11.22.0&av=2.0&vg=voltaxPlayerPrebid&us_privacy=1---&am=ceef8c68-a2aa-47d9-81f7-e1dcc3a82025&gdpr=0&gdpr_consent=' (redirected from 'https://id.a-mx.com/sync/?tagId=&ref=null&u=https://www.ksl.com/article/51611467/logan-man-swims-length-of-bear-lake-prepares-to-cross-english-channel&tl=https://www.ksl.com/article/51611467/logan-man-swims-length-of-bear-lake-prepares-to-cross-english-channel&nf=1&rt=true&v=11.22.0&av=2.0&vg=voltaxPlayerPrebid&us_privacy=1---&am=ceef8c68-a2aa-47d9-81f7-e1dcc3a82025&gdpr=0&gdpr_consent=') from origin 'https://www.ksl.com' has been blocked by CORS policy: The value of the 'Access-Control-Allow-Origin' header in the response must not be the wildcard '*' when the request's credentials mode is 'include'. @ https://www.ksl.com/article/51611467/logan-man-swims-length-of-bear-lake-prepares-to-cross-english-channel:0
[    2451ms] [ERROR] Failed to load resource: net::ERR_FAILED @ https://bpb.opendns.com/b/https/id.a-mx.com/sync/?tagId=&ref=null&u=https://www.ksl.com/article/51611467/logan-man-swims-length-of-bear-lake-prepares-to-cross-english-channel&tl=https://www.ksl.com/article/51611467/logan-man-swims-length-of-bear-lake-prepares-to-cross-english-channel&nf=1&rt=true&v=11.22.0&av=2.0&vg=voltaxPlayerPrebid&us_privacy=1---&am=ceef8c68-a2aa-47d9-81f7-e1dcc3a82025&gdpr=0&gdpr_consent=:0
[    2481ms] [ERROR] Access to fetch at 'https://bpb.opendns.com/b/https/id.a-mx.com/sync/?tagId=&ref=null&u=https://www.ksl.com/article/51611467/logan-man-swims-length-of-bear-lake-prepares-to-cross-english-channel&tl=https://www.ksl.com/article/51611467/logan-man-swims-length-of-bear-lake-prepares-to-cross-english-channel&nf=1&rt=true&v=11.22.0&av=2.0&vg=voltaxPlayerPrebid&us_privacy=1---&am=ceef8c68-a2aa-47d9-81f7-e1dcc3a82025&gdpr=0&gdpr_consent=' (redirected from 'https://id.a-mx.com/sync/?tagId=&ref=null&u=https://www.ksl.com/article/51611467/logan-man-swims-length-of-bear-lake-prepares-to-cross-english-channel&tl=https://www.ksl.com/article/51611467/logan-man-swims-length-of-bear-lake-prepares-to-cross-english-channel&nf=1&rt=true&v=11.22.0&av=2.0&vg=voltaxPlayerPrebid&us_privacy=1---&am=ceef8c68-a2aa-47d9-81f7-e1dcc3a82025&gdpr=0&gdpr_consent=') from origin 'https://www.ksl.com' has been blocked by CORS policy: The value of the 'Access-Control-Allow-Origin' header in the response must not be the wildcard '*' when the request's credentials mode is 'include'. @ https://www.ksl.com/article/51611467/logan-man-swims-length-of-bear-lake-prepares-to-cross-english-channel:0
[    2481ms] [ERROR] Failed to load resource: net::ERR_FAILED @ https://bpb.opendns.com/b/https/id.a-mx.com/sync/?tagId=&ref=null&u=https://www.ksl.com/article/51611467/logan-man-swims-length-of-bear-lake-prepares-to-cross-english-channel&tl=https://www.ksl.com/article/51611467/logan-man-swims-length-of-bear-lake-prepares-to-cross-english-channel&nf=1&rt=true&v=11.22.0&av=2.0&vg=voltaxPlayerPrebid&us_privacy=1---&am=ceef8c68-a2aa-47d9-81f7-e1dcc3a82025&gdpr=0&gdpr_consent=:0
[    2647ms] [LOG] Viewable Complete Thu Aug 20 2026 14:30:42 GMT-0600 (Mountain Daylight Time) {percentViewable: 0.957446813583374, technique: IntersectionObserver, viewable: true, viewportWidth: 728, viewportHeight: 94} @ https://dsp-creative.demandbase.com/js/v.js?ad=CiQwMjgyMTdmMi05Y2Q2LTExZjEtOTgzMi0zODM2YmY0YjM4MWIQhJ89GKmlQiCvgwIoh7FuMJ21nxM6JDg1NjFjMjAyLThmNjgtNGY0Mi05MDIyLTQwZGYxZDU0YTk1ZEICaXhI1wNQFGIobm9faW50ZW50LGRlbWFuZGJhc2UuY29tL3ZhcmlhbnQ6ZGlzYWJsZWoLd3d3LmtzbC5jb21yA1VTQXoFVVMtVVSCAQ4yMTYuNDkuMTgxLjI1MpAB2ASgARSwAYBkyAECgALo7nyKAgUzMzE5OZICCHVzLXdlc3Qy.lyGb0A:49
[    2741ms] [WARNING] [Audigent] cannot find __gpp framework @ https://a.ad.gt/api/v1/u/matches/788?url=https%3A%2F%2Fwww.ksl.com%2Farticle%2F51611467%2Flogan-man-swims-length-of-bear-lake-prepares-to-cross-english-channel&ref=https%3A%2F%2Fwww.ksl.com%2Farticle%2F51611467%2Flogan-man-swims-length-of-bear-lake-prepares-to-cross-english-channel:0
[    2768ms] [WARNING] [Audigent] cannot find __gpp framework @ https://a.ad.gt/api/v1/u/matches/788?url=https%3A%2F%2Fwww.ksl.com%2Farticle%2F51611467%2Flogan-man-swims-length-of-bear-lake-prepares-to-cross-english-channel&ref=https%3A%2F%2Fwww.ksl.com%2Farticle%2F51611467%2Flogan-man-swims-length-of-bear-lake-prepares-to-cross-english-channel:0
