[     204ms] [LOG] Visibility threshold pct=50, Visibility threshold ms = 0 @ https://tag.durationmedia.net/sites/11159/dm.js:0
[     255ms] [LOG] Braze: Initialization Options: {
  "baseUrl": "sdk.iad-07.braze.com",
  "allowUserSuppliedJavascript": true,
  "enableLogging": true
} @ https://js.appboycdn.com/web-sdk/5.8/braze.no-amd.min.js:23
[     256ms] [LOG] Braze: Initialized for the Braze backend at "sdk.iad-07.braze.com" with API key "08279373-5f4c-4539-9a3e-117896d5ed15". @ https://js.appboycdn.com/web-sdk/5.8/braze.no-amd.min.js:23
[     265ms] [LOG] Main bundle loaded (base.twig) @ https://www.ksl.com/article/51611918/saratoga-springs-boy-being-hailed-a-hero-after-saving-brother-now-recovering-from-own-injuries:2642
[     372ms] [INFO] Photo gallery loaded (gallery.twig) @ https://www.ksl.com/article/51611918/saratoga-springs-boy-being-hailed-a-hero-after-saving-brother-now-recovering-from-own-injuries:1789
[     386ms] [WARNING] [GPT] PubAdsService.setTargeting is deprecated, use googletag.setConfig({targeting: ...}) instead.
https://goo.gle/gpt-message#170 @ https://securepubads.g.doubleclick.net/pagead/managed/js/gpt/m202608190101/pubads_impl.js?cb=122880556:18
[     387ms] [WARNING] [GPT] Slot.setTargeting is deprecated, use Slot.setConfig({targeting: ...}) instead.
https://goo.gle/gpt-message#171 @ https://securepubads.g.doubleclick.net/pagead/managed/js/gpt/m202608190101/pubads_impl.js?cb=122880556:18
[     668ms] [ERROR] Access to fetch at 'https://region-filter.rubyblu.com/check' from origin 'https://www.ksl.com' has been blocked by CORS policy: No 'Access-Control-Allow-Origin' header is present on the requested resource. @ https://www.ksl.com/article/51611918/saratoga-springs-boy-being-hailed-a-hero-after-saving-brother-now-recovering-from-own-injuries:0
[     668ms] [ERROR] Failed to load resource: net::ERR_FAILED @ https://region-filter.rubyblu.com/check:0
[     853ms] [WARNING] [Audigent] script has already been initialised. Skip further execution @ https://a.ad.gt/api/v1/u/matches/454?_it=amazon:0
[     902ms] [WARNING] [Audigent] script has already been initialised. Skip further execution @ https://a.ad.gt/api/v1/u/matches/454?_it=0:0
[    1030ms] [ERROR] Failed to load resource: the server responded with a status of 404 () @ https://sync.crwdcntrl.net/qmap?c=2700&tp=UNDR&gdpr=&gdpr_consent=&tpid=6ay5svzm87u89jfal5avjehri:0
[    1119ms] [ERROR] Access to fetch at 'https://bpb.opendns.com/b/https/id.a-mx.com/sync/?tagId=&ref=null&u=https://www.ksl.com/article/51611918/saratoga-springs-boy-being-hailed-a-hero-after-saving-brother-now-recovering-from-own-injuries&tl=https://www.ksl.com/article/51611918/saratoga-springs-boy-being-hailed-a-hero-after-saving-brother-now-recovering-from-own-injuries&nf=0&rt=true&v=11.22.0&av=2.0&vg=voltaxPlayerPrebid&us_privacy=1---&am=ceef8c68-a2aa-47d9-81f7-e1dcc3a82025&gdpr=0&gdpr_consent=' (redirected from 'https://id.a-mx.com/sync/?tagId=&ref=null&u=https://www.ksl.com/article/51611918/saratoga-springs-boy-being-hailed-a-hero-after-saving-brother-now-recovering-from-own-injuries&tl=https://www.ksl.com/article/51611918/saratoga-springs-boy-being-hailed-a-hero-after-saving-brother-now-recovering-from-own-injuries&nf=0&rt=true&v=11.22.0&av=2.0&vg=voltaxPlayerPrebid&us_privacy=1---&am=ceef8c68-a2aa-47d9-81f7-e1dcc3a82025&gdpr=0&gdpr_consent=') from origin 'https://www.ksl.com' has been blocked by CORS policy: The value of the 'Access-Control-Allow-Origin' header in the response must not be the wildcard '*' when the request's credentials mode is 'include'. @ https://www.ksl.com/article/51611918/saratoga-springs-boy-being-hailed-a-hero-after-saving-brother-now-recovering-from-own-injuries:0
[    1119ms] [ERROR] Failed to load resource: net::ERR_FAILED @ https://bpb.opendns.com/b/https/id.a-mx.com/sync/?tagId=&ref=null&u=https://www.ksl.com/article/51611918/saratoga-springs-boy-being-hailed-a-hero-after-saving-brother-now-recovering-from-own-injuries&tl=https://www.ksl.com/article/51611918/saratoga-springs-boy-being-hailed-a-hero-after-saving-brother-now-recovering-from-own-injuries&nf=0&rt=true&v=11.22.0&av=2.0&vg=voltaxPlayerPrebid&us_privacy=1---&am=ceef8c68-a2aa-47d9-81f7-e1dcc3a82025&gdpr=0&gdpr_consent=:0
[    1347ms] [ERROR] Failed to load resource: net::ERR_NAME_NOT_RESOLVED @ https://ksl-d.openx.net/w/1.0/jstag?nc=6686-KSL_News:0
[    1348ms] [WARNING] [Audigent] script has already been initialised. Skip further execution @ https://a.ad.gt/api/v1/u/matches/788?_it=tag:0
[    1930ms] [WARNING] An iframe which has both allow-scripts and allow-same-origin for its sandbox attribute can escape its sandboxing. @ https://adl.ksldigital.media/op.js:0
[    1960ms] [WARNING] An iframe which has both allow-scripts and allow-same-origin for its sandbox attribute can escape its sandboxing. @ https://adl.ksldigital.media/op.js:0
[    1993ms] [WARNING] An iframe which has both allow-scripts and allow-same-origin for its sandbox attribute can escape its sandboxing. @ https://adl.ksldigital.media/op.js:0
[    2023ms] [WARNING] An iframe which has both allow-scripts and allow-same-origin for its sandbox attribute can escape its sandboxing. @ https://adl.ksldigital.media/op.js:0
[    2055ms] [WARNING] An iframe which has both allow-scripts and allow-same-origin for its sandbox attribute can escape its sandboxing. @ https://adl.ksldigital.media/op.js:0
[    2081ms] [WARNING] An iframe which has both allow-scripts and allow-same-origin for its sandbox attribute can escape its sandboxing. @ https://adl.ksldigital.media/op.js:0
[    2228ms] [LOG] domain: s0.2mdn.net @ https://s0.2mdn.net/sadbundle/16745377500078538752/TDIdynamic.js:0
[    2228ms] [LOG] url: https://www.ksl.com/ @ https://s0.2mdn.net/sadbundle/16745377500078538752/TDIdynamic.js:0
[    2279ms] [ERROR] Attestation check for Shared Storage on https://www.googleadservices.com failed. @ https://www.googleadservices.com/pagead/managed/js/activeview/current/reach_worklet.html:0
[    2301ms] [ERROR] Attestation check for Shared Storage on https://www.googleadservices.com failed. @ https://www.googleadservices.com/pagead/managed/js/activeview/current/reach_worklet.html:0
[    2306ms] [ERROR] Attestation check for Shared Storage on https://www.googleadservices.com failed. @ https://www.googleadservices.com/pagead/managed/js/activeview/current/reach_worklet.html:0
[    2333ms] [ERROR] Attestation check for Shared Storage on https://www.googleadservices.com failed. @ https://www.googleadservices.com/pagead/managed/js/activeview/current/reach_worklet.html:0
[    2334ms] [ERROR] Attestation check for Shared Storage on https://www.googleadservices.com failed. @ https://www.googleadservices.com/pagead/managed/js/activeview/current/reach_worklet.html:0
[    2334ms] [ERROR] Attestation check for Shared Storage on https://www.googleadservices.com failed. @ https://www.googleadservices.com/pagead/managed/js/activeview/current/reach_worklet.html:0
[    2374ms] [ERROR] Failed to load resource: net::ERR_NAME_NOT_RESOLVED @ https://cookie-sync-service-prod.steelhousemedia.com/mapping/beeswax?partnerguid=AAA4h07VDsYAAAGQ75Zeaw:0
[    2658ms] [WARNING] [Audigent] script has already been initialised. Skip further execution @ https://a.ad.gt/api/v1/u/matches/454?url=https%3A%2F%2Fwww.ksl.com%2Farticle%2F51611918%2Fsaratoga-springs-boy-being-hailed-a-hero-after-saving-brother-now-recovering-from-own-injuries&ref=https%3A%2F%2Fwww.ksl.com%2Farticle%2F51611918%2Fsaratoga-springs-boy-being-hailed-a-hero-after-saving-brother-now-recovering-from-own-injuries:0
[    2666ms] [WARNING] [Audigent] script has already been initialised. Skip further execution @ https://a.ad.gt/api/v1/u/matches/454?url=https%3A%2F%2Fwww.ksl.com%2Farticle%2F51611918%2Fsaratoga-springs-boy-being-hailed-a-hero-after-saving-brother-now-recovering-from-own-injuries&ref=https%3A%2F%2Fwww.ksl.com%2Farticle%2F51611918%2Fsaratoga-springs-boy-being-hailed-a-hero-after-saving-brother-now-recovering-from-own-injuries:0
[    2666ms] [ERROR] Access to fetch at 'https://bpb.opendns.com/b/https/id.a-mx.com/sync/?tagId=&ref=null&u=https://www.ksl.com/article/51611918/saratoga-springs-boy-being-hailed-a-hero-after-saving-brother-now-recovering-from-own-injuries&tl=https://www.ksl.com/article/51611918/saratoga-springs-boy-being-hailed-a-hero-after-saving-brother-now-recovering-from-own-injuries&nf=1&rt=true&v=10.29.0&av=2.0&vg=saambaa_pbjs&us_privacy=null&am=ceef8c68-a2aa-47d9-81f7-e1dcc3a82025&gdpr=0&gdpr_consent=' (redirected from 'https://id.a-mx.com/sync/?tagId=&ref=null&u=https://www.ksl.com/article/51611918/saratoga-springs-boy-being-hailed-a-hero-after-saving-brother-now-recovering-from-own-injuries&tl=https://www.ksl.com/article/51611918/saratoga-springs-boy-being-hailed-a-hero-after-saving-brother-now-recovering-from-own-injuries&nf=1&rt=true&v=10.29.0&av=2.0&vg=saambaa_pbjs&us_privacy=null&am=ceef8c68-a2aa-47d9-81f7-e1dcc3a82025&gdpr=0&gdpr_consent=') from origin 'https://www.ksl.com' has been blocked by CORS policy: The value of the 'Access-Control-Allow-Origin' header in the response must not be the wildcard '*' when the request's credentials mode is 'include'. @ https://www.ksl.com/article/51611918/saratoga-springs-boy-being-hailed-a-hero-after-saving-brother-now-recovering-from-own-injuries:0
[    2666ms] [ERROR] Failed to load resource: net::ERR_FAILED @ https://bpb.opendns.com/b/https/id.a-mx.com/sync/?tagId=&ref=null&u=https://www.ksl.com/article/51611918/saratoga-springs-boy-being-hailed-a-hero-after-saving-brother-now-recovering-from-own-injuries&tl=https://www.ksl.com/article/51611918/saratoga-springs-boy-being-hailed-a-hero-after-saving-brother-now-recovering-from-own-injuries&nf=1&rt=true&v=10.29.0&av=2.0&vg=saambaa_pbjs&us_privacy=null&am=ceef8c68-a2aa-47d9-81f7-e1dcc3a82025&gdpr=0&gdpr_consent=:0
[    2702ms] Failed to read a named property 'addEventListener' from 'Window': Blocked a frame with origin "https://7db2c7f1517d8d254606c783b755c8ba.safeframe.googlesyndication.com" from accessing a cross-origin frame.
[    2715ms] [WARNING] [Audigent] script has already been initialised. Skip further execution @ https://a.ad.gt/api/v1/u/matches/454?_it=amazon:0
[    2741ms] [WARNING] [Audigent] script has already been initialised. Skip further execution @ https://a.ad.gt/api/v1/u/matches/788?_it=tag:0
[    2743ms] [WARNING] [Audigent] script has already been initialised. Skip further execution @ https://a.ad.gt/api/v1/u/matches/454?_it=amazon:0
[    2756ms] [WARNING] [Audigent] script has already been initialised. Skip further execution @ https://a.ad.gt/api/v1/u/matches/788?_it=tag:0
[    3039ms] [ERROR] Access to fetch at 'https://bpb.opendns.com/b/https/id.a-mx.com/sync/?tagId=&ref=null&u=https://www.ksl.com/article/51611918/saratoga-springs-boy-being-hailed-a-hero-after-saving-brother-now-recovering-from-own-injuries&tl=https://www.ksl.com/article/51611918/saratoga-springs-boy-being-hailed-a-hero-after-saving-brother-now-recovering-from-own-injuries&nf=1&rt=true&v=11.22.0&av=2.0&vg=voltaxPlayerPrebid&us_privacy=1---&am=ceef8c68-a2aa-47d9-81f7-e1dcc3a82025&gdpr=0&gdpr_consent=' (redirected from 'https://id.a-mx.com/sync/?tagId=&ref=null&u=https://www.ksl.com/article/51611918/saratoga-springs-boy-being-hailed-a-hero-after-saving-brother-now-recovering-from-own-injuries&tl=https://www.ksl.com/article/51611918/saratoga-springs-boy-being-hailed-a-hero-after-saving-brother-now-recovering-from-own-injuries&nf=1&rt=true&v=11.22.0&av=2.0&vg=voltaxPlayerPrebid&us_privacy=1---&am=ceef8c68-a2aa-47d9-81f7-e1dcc3a82025&gdpr=0&gdpr_consent=') from origin 'https://www.ksl.com' has been blocked by CORS policy: The value of the 'Access-Control-Allow-Origin' header in the response must not be the wildcard '*' when the request's credentials mode is 'include'. @ https://www.ksl.com/article/51611918/saratoga-springs-boy-being-hailed-a-hero-after-saving-brother-now-recovering-from-own-injuries:0
[    3039ms] [ERROR] Failed to load resource: net::ERR_FAILED @ https://bpb.opendns.com/b/https/id.a-mx.com/sync/?tagId=&ref=null&u=https://www.ksl.com/article/51611918/saratoga-springs-boy-being-hailed-a-hero-after-saving-brother-now-recovering-from-own-injuries&tl=https://www.ksl.com/article/51611918/saratoga-springs-boy-being-hailed-a-hero-after-saving-brother-now-recovering-from-own-injuries&nf=1&rt=true&v=11.22.0&av=2.0&vg=voltaxPlayerPrebid&us_privacy=1---&am=ceef8c68-a2aa-47d9-81f7-e1dcc3a82025&gdpr=0&gdpr_consent=:0
[    3112ms] [ERROR] Access to fetch at 'https://bpb.opendns.com/b/https/id.a-mx.com/sync/?tagId=&ref=null&u=https://www.ksl.com/article/51611918/saratoga-springs-boy-being-hailed-a-hero-after-saving-brother-now-recovering-from-own-injuries&tl=https://www.ksl.com/article/51611918/saratoga-springs-boy-being-hailed-a-hero-after-saving-brother-now-recovering-from-own-injuries&nf=1&rt=true&v=11.22.0&av=2.0&vg=voltaxPlayerPrebid&us_privacy=1---&am=ceef8c68-a2aa-47d9-81f7-e1dcc3a82025&gdpr=0&gdpr_consent=' (redirected from 'https://id.a-mx.com/sync/?tagId=&ref=null&u=https://www.ksl.com/article/51611918/saratoga-springs-boy-being-hailed-a-hero-after-saving-brother-now-recovering-from-own-injuries&tl=https://www.ksl.com/article/51611918/saratoga-springs-boy-being-hailed-a-hero-after-saving-brother-now-recovering-from-own-injuries&nf=1&rt=true&v=11.22.0&av=2.0&vg=voltaxPlayerPrebid&us_privacy=1---&am=ceef8c68-a2aa-47d9-81f7-e1dcc3a82025&gdpr=0&gdpr_consent=') from origin 'https://www.ksl.com' has been blocked by CORS policy: The value of the 'Access-Control-Allow-Origin' header in the response must not be the wildcard '*' when the request's credentials mode is 'include'. @ https://www.ksl.com/article/51611918/saratoga-springs-boy-being-hailed-a-hero-after-saving-brother-now-recovering-from-own-injuries:0
[    3112ms] [ERROR] Failed to load resource: net::ERR_FAILED @ https://bpb.opendns.com/b/https/id.a-mx.com/sync/?tagId=&ref=null&u=https://www.ksl.com/article/51611918/saratoga-springs-boy-being-hailed-a-hero-after-saving-brother-now-recovering-from-own-injuries&tl=https://www.ksl.com/article/51611918/saratoga-springs-boy-being-hailed-a-hero-after-saving-brother-now-recovering-from-own-injuries&nf=1&rt=true&v=11.22.0&av=2.0&vg=voltaxPlayerPrebid&us_privacy=1---&am=ceef8c68-a2aa-47d9-81f7-e1dcc3a82025&gdpr=0&gdpr_consent=:0
[    3155ms] [TIMEEND] a: 0.001953125 ms @ https://static.adsafeprotected.com/sca.17.6.4.js:31
[    2279ms] [ERROR] Attestation check for Shared Storage on https://www.googleadservices.com failed. @ https://www.googleadservices.com/pagead/managed/js/activeview/current/reach_worklet.html:0
[    2301ms] [ERROR] Attestation check for Shared Storage on https://www.googleadservices.com failed. @ https://www.googleadservices.com/pagead/managed/js/activeview/current/reach_worklet.html:0
[    2306ms] [ERROR] Attestation check for Shared Storage on https://www.googleadservices.com failed. @ https://www.googleadservices.com/pagead/managed/js/activeview/current/reach_worklet.html:0
[    2333ms] [ERROR] Attestation check for Shared Storage on https://www.googleadservices.com failed. @ https://www.googleadservices.com/pagead/managed/js/activeview/current/reach_worklet.html:0
[    2334ms] [ERROR] Attestation check for Shared Storage on https://www.googleadservices.com failed. @ https://www.googleadservices.com/pagead/managed/js/activeview/current/reach_worklet.html:0
[    2334ms] [ERROR] Attestation check for Shared Storage on https://www.googleadservices.com failed. @ https://www.googleadservices.com/pagead/managed/js/activeview/current/reach_worklet.html:0
[    3337ms] [ERROR] Attestation check for Shared Storage on https://www.googleadservices.com failed. @ https://www.googleadservices.com/pagead/managed/js/activeview/current/reach_worklet.html:0
[    3356ms] [WARNING] [Audigent] cannot find __gpp framework @ https://a.ad.gt/api/v1/u/matches/788?url=https%3A%2F%2Fwww.ksl.com%2Farticle%2F51611918%2Fsaratoga-springs-boy-being-hailed-a-hero-after-saving-brother-now-recovering-from-own-injuries&ref=https%3A%2F%2Fwww.ksl.com%2Farticle%2F51611918%2Fsaratoga-springs-boy-being-hailed-a-hero-after-saving-brother-now-recovering-from-own-injuries:0
[    3358ms] [WARNING] [Audigent] cannot find __gpp framework @ https://a.ad.gt/api/v1/u/matches/788?url=https%3A%2F%2Fwww.ksl.com%2Farticle%2F51611918%2Fsaratoga-springs-boy-being-hailed-a-hero-after-saving-brother-now-recovering-from-own-injuries&ref=https%3A%2F%2Fwww.ksl.com%2Farticle%2F51611918%2Fsaratoga-springs-boy-being-hailed-a-hero-after-saving-brother-now-recovering-from-own-injuries:0
[    2279ms] [ERROR] Attestation check for Shared Storage on https://www.googleadservices.com failed. @ https://www.googleadservices.com/pagead/managed/js/activeview/current/reach_worklet.html:0
[    2301ms] [ERROR] Attestation check for Shared Storage on https://www.googleadservices.com failed. @ https://www.googleadservices.com/pagead/managed/js/activeview/current/reach_worklet.html:0
[    2306ms] [ERROR] Attestation check for Shared Storage on https://www.googleadservices.com failed. @ https://www.googleadservices.com/pagead/managed/js/activeview/current/reach_worklet.html:0
[    2333ms] [ERROR] Attestation check for Shared Storage on https://www.googleadservices.com failed. @ https://www.googleadservices.com/pagead/managed/js/activeview/current/reach_worklet.html:0
[    2334ms] [ERROR] Attestation check for Shared Storage on https://www.googleadservices.com failed. @ https://www.googleadservices.com/pagead/managed/js/activeview/current/reach_worklet.html:0
[    2334ms] [ERROR] Attestation check for Shared Storage on https://www.googleadservices.com failed. @ https://www.googleadservices.com/pagead/managed/js/activeview/current/reach_worklet.html:0
[    3337ms] [ERROR] Attestation check for Shared Storage on https://www.googleadservices.com failed. @ https://www.googleadservices.com/pagead/managed/js/activeview/current/reach_worklet.html:0
[    3417ms] [ERROR] Attestation check for Shared Storage on https://www.googleadservices.com failed. @ https://www.googleadservices.com/pagead/managed/js/activeview/current/reach_worklet.html:0
[    3547ms] [WARNING] You are using deprecated show_ads.js script to display AdSense ads. To improve performance of your ads switch to the modern adsbygoogle.js script. See instructions on https://support.google.com/adsense/answer/9190028. @ https://pagead2.googlesyndication.com/pagead/show_ads.js:52
[    2279ms] [ERROR] Attestation check for Shared Storage on https://www.googleadservices.com failed. @ https://www.googleadservices.com/pagead/managed/js/activeview/current/reach_worklet.html:0
[    2301ms] [ERROR] Attestation check for Shared Storage on https://www.googleadservices.com failed. @ https://www.googleadservices.com/pagead/managed/js/activeview/current/reach_worklet.html:0
[    2306ms] [ERROR] Attestation check for Shared Storage on https://www.googleadservices.com failed. @ https://www.googleadservices.com/pagead/managed/js/activeview/current/reach_worklet.html:0
[    2333ms] [ERROR] Attestation check for Shared Storage on https://www.googleadservices.com failed. @ https://www.googleadservices.com/pagead/managed/js/activeview/current/reach_worklet.html:0
[    2334ms] [ERROR] Attestation check for Shared Storage on https://www.googleadservices.com failed. @ https://www.googleadservices.com/pagead/managed/js/activeview/current/reach_worklet.html:0
[    2334ms] [ERROR] Attestation check for Shared Storage on https://www.googleadservices.com failed. @ https://www.googleadservices.com/pagead/managed/js/activeview/current/reach_worklet.html:0
[    3337ms] [ERROR] Attestation check for Shared Storage on https://www.googleadservices.com failed. @ https://www.googleadservices.com/pagead/managed/js/activeview/current/reach_worklet.html:0
[    3417ms] [ERROR] Attestation check for Shared Storage on https://www.googleadservices.com failed. @ https://www.googleadservices.com/pagead/managed/js/activeview/current/reach_worklet.html:0
[    3599ms] [ERROR] Attestation check for Shared Storage on https://www.googleadservices.com failed. @ https://www.googleadservices.com/pagead/managed/js/activeview/current/reach_worklet.html:0
[    3864ms] [WARNING] You are using deprecated show_ads.js script to display AdSense ads. To improve performance of your ads switch to the modern adsbygoogle.js script. See instructions on https://support.google.com/adsense/answer/9190028. @ https://pagead2.googlesyndication.com/pagead/show_ads.js:52
[    2279ms] [ERROR] Attestation check for Shared Storage on https://www.googleadservices.com failed. @ https://www.googleadservices.com/pagead/managed/js/activeview/current/reach_worklet.html:0
[    2301ms] [ERROR] Attestation check for Shared Storage on https://www.googleadservices.com failed. @ https://www.googleadservices.com/pagead/managed/js/activeview/current/reach_worklet.html:0
[    2306ms] [ERROR] Attestation check for Shared Storage on https://www.googleadservices.com failed. @ https://www.googleadservices.com/pagead/managed/js/activeview/current/reach_worklet.html:0
[    2333ms] [ERROR] Attestation check for Shared Storage on https://www.googleadservices.com failed. @ https://www.googleadservices.com/pagead/managed/js/activeview/current/reach_worklet.html:0
[    2334ms] [ERROR] Attestation check for Shared Storage on https://www.googleadservices.com failed. @ https://www.googleadservices.com/pagead/managed/js/activeview/current/reach_worklet.html:0
[    2334ms] [ERROR] Attestation check for Shared Storage on https://www.googleadservices.com failed. @ https://www.googleadservices.com/pagead/managed/js/activeview/current/reach_worklet.html:0
[    3337ms] [ERROR] Attestation check for Shared Storage on https://www.googleadservices.com failed. @ https://www.googleadservices.com/pagead/managed/js/activeview/current/reach_worklet.html:0
[    3417ms] [ERROR] Attestation check for Shared Storage on https://www.googleadservices.com failed. @ https://www.googleadservices.com/pagead/managed/js/activeview/current/reach_worklet.html:0
[    3599ms] [ERROR] Attestation check for Shared Storage on https://www.googleadservices.com failed. @ https://www.googleadservices.com/pagead/managed/js/activeview/current/reach_worklet.html:0
[    3915ms] [WARNING] You are using deprecated show_ads.js script to display AdSense ads. To improve performance of your ads switch to the modern adsbygoogle.js script. See instructions on https://support.google.com/adsense/answer/9190028. @ https://pagead2.googlesyndication.com/pagead/show_ads.js:52
[    3931ms] [ERROR] Attestation check for Shared Storage on https://www.googleadservices.com failed. @ https://www.googleadservices.com/pagead/managed/js/activeview/current/reach_worklet.html:0
[    2279ms] [ERROR] Attestation check for Shared Storage on https://www.googleadservices.com failed. @ https://www.googleadservices.com/pagead/managed/js/activeview/current/reach_worklet.html:0
[    2301ms] [ERROR] Attestation check for Shared Storage on https://www.googleadservices.com failed. @ https://www.googleadservices.com/pagead/managed/js/activeview/current/reach_worklet.html:0
[    2306ms] [ERROR] Attestation check for Shared Storage on https://www.googleadservices.com failed. @ https://www.googleadservices.com/pagead/managed/js/activeview/current/reach_worklet.html:0
[    2333ms] [ERROR] Attestation check for Shared Storage on https://www.googleadservices.com failed. @ https://www.googleadservices.com/pagead/managed/js/activeview/current/reach_worklet.html:0
[    2334ms] [ERROR] Attestation check for Shared Storage on https://www.googleadservices.com failed. @ https://www.googleadservices.com/pagead/managed/js/activeview/current/reach_worklet.html:0
[    2334ms] [ERROR] Attestation check for Shared Storage on https://www.googleadservices.com failed. @ https://www.googleadservices.com/pagead/managed/js/activeview/current/reach_worklet.html:0
[    3337ms] [ERROR] Attestation check for Shared Storage on https://www.googleadservices.com failed. @ https://www.googleadservices.com/pagead/managed/js/activeview/current/reach_worklet.html:0
[    3417ms] [ERROR] Attestation check for Shared Storage on https://www.googleadservices.com failed. @ https://www.googleadservices.com/pagead/managed/js/activeview/current/reach_worklet.html:0
[    3599ms] [ERROR] Attestation check for Shared Storage on https://www.googleadservices.com failed. @ https://www.googleadservices.com/pagead/managed/js/activeview/current/reach_worklet.html:0
[    3931ms] [ERROR] Attestation check for Shared Storage on https://www.googleadservices.com failed. @ https://www.googleadservices.com/pagead/managed/js/activeview/current/reach_worklet.html:0
[    3965ms] [ERROR] Attestation check for Shared Storage on https://www.googleadservices.com failed. @ https://www.googleadservices.com/pagead/managed/js/activeview/current/reach_worklet.html:0
[    4389ms] [WARNING] You are using deprecated show_ads.js script to display AdSense ads. To improve performance of your ads switch to the modern adsbygoogle.js script. See instructions on https://support.google.com/adsense/answer/9190028. @ https://pagead2.googlesyndication.com/pagead/show_ads.js:52
[    2279ms] [ERROR] Attestation check for Shared Storage on https://www.googleadservices.com failed. @ https://www.googleadservices.com/pagead/managed/js/activeview/current/reach_worklet.html:0
[    2301ms] [ERROR] Attestation check for Shared Storage on https://www.googleadservices.com failed. @ https://www.googleadservices.com/pagead/managed/js/activeview/current/reach_worklet.html:0
[    2306ms] [ERROR] Attestation check for Shared Storage on https://www.googleadservices.com failed. @ https://www.googleadservices.com/pagead/managed/js/activeview/current/reach_worklet.html:0
[    2333ms] [ERROR] Attestation check for Shared Storage on https://www.googleadservices.com failed. @ https://www.googleadservices.com/pagead/managed/js/activeview/current/reach_worklet.html:0
[    2334ms] [ERROR] Attestation check for Shared Storage on https://www.googleadservices.com failed. @ https://www.googleadservices.com/pagead/managed/js/activeview/current/reach_worklet.html:0
[    2334ms] [ERROR] Attestation check for Shared Storage on https://www.googleadservices.com failed. @ https://www.googleadservices.com/pagead/managed/js/activeview/current/reach_worklet.html:0
[    3337ms] [ERROR] Attestation check for Shared Storage on https://www.googleadservices.com failed. @ https://www.googleadservices.com/pagead/managed/js/activeview/current/reach_worklet.html:0
[    3417ms] [ERROR] Attestation check for Shared Storage on https://www.googleadservices.com failed. @ https://www.googleadservices.com/pagead/managed/js/activeview/current/reach_worklet.html:0
[    3599ms] [ERROR] Attestation check for Shared Storage on https://www.googleadservices.com failed. @ https://www.googleadservices.com/pagead/managed/js/activeview/current/reach_worklet.html:0
[    3931ms] [ERROR] Attestation check for Shared Storage on https://www.googleadservices.com failed. @ https://www.googleadservices.com/pagead/managed/js/activeview/current/reach_worklet.html:0
[    3965ms] [ERROR] Attestation check for Shared Storage on https://www.googleadservices.com failed. @ https://www.googleadservices.com/pagead/managed/js/activeview/current/reach_worklet.html:0
[    4443ms] [ERROR] Attestation check for Shared Storage on https://www.googleadservices.com failed. @ https://www.googleadservices.com/pagead/managed/js/activeview/current/reach_worklet.html:0
[    4647ms] [WARNING] You are using deprecated show_ads.js script to display AdSense ads. To improve performance of your ads switch to the modern adsbygoogle.js script. See instructions on https://support.google.com/adsense/answer/9190028. @ https://pagead2.googlesyndication.com/pagead/show_ads.js:52
[    2279ms] [ERROR] Attestation check for Shared Storage on https://www.googleadservices.com failed. @ https://www.googleadservices.com/pagead/managed/js/activeview/current/reach_worklet.html:0
[    2301ms] [ERROR] Attestation check for Shared Storage on https://www.googleadservices.com failed. @ https://www.googleadservices.com/pagead/managed/js/activeview/current/reach_worklet.html:0
[    2306ms] [ERROR] Attestation check for Shared Storage on https://www.googleadservices.com failed. @ https://www.googleadservices.com/pagead/managed/js/activeview/current/reach_worklet.html:0
[    2333ms] [ERROR] Attestation check for Shared Storage on https://www.googleadservices.com failed. @ https://www.googleadservices.com/pagead/managed/js/activeview/current/reach_worklet.html:0
[    2334ms] [ERROR] Attestation check for Shared Storage on https://www.googleadservices.com failed. @ https://www.googleadservices.com/pagead/managed/js/activeview/current/reach_worklet.html:0
[    2334ms] [ERROR] Attestation check for Shared Storage on https://www.googleadservices.com failed. @ https://www.googleadservices.com/pagead/managed/js/activeview/current/reach_worklet.html:0
[    3337ms] [ERROR] Attestation check for Shared Storage on https://www.googleadservices.com failed. @ https://www.googleadservices.com/pagead/managed/js/activeview/current/reach_worklet.html:0
[    3417ms] [ERROR] Attestation check for Shared Storage on https://www.googleadservices.com failed. @ https://www.googleadservices.com/pagead/managed/js/activeview/current/reach_worklet.html:0
[    3599ms] [ERROR] Attestation check for Shared Storage on https://www.googleadservices.com failed. @ https://www.googleadservices.com/pagead/managed/js/activeview/current/reach_worklet.html:0
[    3931ms] [ERROR] Attestation check for Shared Storage on https://www.googleadservices.com failed. @ https://www.googleadservices.com/pagead/managed/js/activeview/current/reach_worklet.html:0
[    3965ms] [ERROR] Attestation check for Shared Storage on https://www.googleadservices.com failed. @ https://www.googleadservices.com/pagead/managed/js/activeview/current/reach_worklet.html:0
[    4443ms] [ERROR] Attestation check for Shared Storage on https://www.googleadservices.com failed. @ https://www.googleadservices.com/pagead/managed/js/activeview/current/reach_worklet.html:0
[    4707ms] [ERROR] Attestation check for Shared Storage on https://www.googleadservices.com failed. @ https://www.googleadservices.com/pagead/managed/js/activeview/current/reach_worklet.html:0
[    2279ms] [ERROR] Attestation check for Shared Storage on https://www.googleadservices.com failed. @ https://www.googleadservices.com/pagead/managed/js/activeview/current/reach_worklet.html:0
[    2301ms] [ERROR] Attestation check for Shared Storage on https://www.googleadservices.com failed. @ https://www.googleadservices.com/pagead/managed/js/activeview/current/reach_worklet.html:0
[    2306ms] [ERROR] Attestation check for Shared Storage on https://www.googleadservices.com failed. @ https://www.googleadservices.com/pagead/managed/js/activeview/current/reach_worklet.html:0
[    2333ms] [ERROR] Attestation check for Shared Storage on https://www.googleadservices.com failed. @ https://www.googleadservices.com/pagead/managed/js/activeview/current/reach_worklet.html:0
[    2334ms] [ERROR] Attestation check for Shared Storage on https://www.googleadservices.com failed. @ https://www.googleadservices.com/pagead/managed/js/activeview/current/reach_worklet.html:0
[    2334ms] [ERROR] Attestation check for Shared Storage on https://www.googleadservices.com failed. @ https://www.googleadservices.com/pagead/managed/js/activeview/current/reach_worklet.html:0
[    3337ms] [ERROR] Attestation check for Shared Storage on https://www.googleadservices.com failed. @ https://www.googleadservices.com/pagead/managed/js/activeview/current/reach_worklet.html:0
[    3417ms] [ERROR] Attestation check for Shared Storage on https://www.googleadservices.com failed. @ https://www.googleadservices.com/pagead/managed/js/activeview/current/reach_worklet.html:0
[    3599ms] [ERROR] Attestation check for Shared Storage on https://www.googleadservices.com failed. @ https://www.googleadservices.com/pagead/managed/js/activeview/current/reach_worklet.html:0
[    3931ms] [ERROR] Attestation check for Shared Storage on https://www.googleadservices.com failed. @ https://www.googleadservices.com/pagead/managed/js/activeview/current/reach_worklet.html:0
[    3965ms] [ERROR] Attestation check for Shared Storage on https://www.googleadservices.com failed. @ https://www.googleadservices.com/pagead/managed/js/activeview/current/reach_worklet.html:0
[    4443ms] [ERROR] Attestation check for Shared Storage on https://www.googleadservices.com failed. @ https://www.googleadservices.com/pagead/managed/js/activeview/current/reach_worklet.html:0
[    4707ms] [ERROR] Attestation check for Shared Storage on https://www.googleadservices.com failed. @ https://www.googleadservices.com/pagead/managed/js/activeview/current/reach_worklet.html:0
[    4860ms] [ERROR] Attestation check for Shared Storage on https://www.googleadservices.com failed. @ https://www.googleadservices.com/pagead/managed/js/activeview/current/reach_worklet.html:0
[    2279ms] [ERROR] Attestation check for Shared Storage on https://www.googleadservices.com failed. @ https://www.googleadservices.com/pagead/managed/js/activeview/current/reach_worklet.html:0
[    2301ms] [ERROR] Attestation check for Shared Storage on https://www.googleadservices.com failed. @ https://www.googleadservices.com/pagead/managed/js/activeview/current/reach_worklet.html:0
[    2306ms] [ERROR] Attestation check for Shared Storage on https://www.googleadservices.com failed. @ https://www.googleadservices.com/pagead/managed/js/activeview/current/reach_worklet.html:0
[    2333ms] [ERROR] Attestation check for Shared Storage on https://www.googleadservices.com failed. @ https://www.googleadservices.com/pagead/managed/js/activeview/current/reach_worklet.html:0
[    2334ms] [ERROR] Attestation check for Shared Storage on https://www.googleadservices.com failed. @ https://www.googleadservices.com/pagead/managed/js/activeview/current/reach_worklet.html:0
[    2334ms] [ERROR] Attestation check for Shared Storage on https://www.googleadservices.com failed. @ https://www.googleadservices.com/pagead/managed/js/activeview/current/reach_worklet.html:0
[    3337ms] [ERROR] Attestation check for Shared Storage on https://www.googleadservices.com failed. @ https://www.googleadservices.com/pagead/managed/js/activeview/current/reach_worklet.html:0
[    3417ms] [ERROR] Attestation check for Shared Storage on https://www.googleadservices.com failed. @ https://www.googleadservices.com/pagead/managed/js/activeview/current/reach_worklet.html:0
[    3599ms] [ERROR] Attestation check for Shared Storage on https://www.googleadservices.com failed. @ https://www.googleadservices.com/pagead/managed/js/activeview/current/reach_worklet.html:0
[    3931ms] [ERROR] Attestation check for Shared Storage on https://www.googleadservices.com failed. @ https://www.googleadservices.com/pagead/managed/js/activeview/current/reach_worklet.html:0
[    3965ms] [ERROR] Attestation check for Shared Storage on https://www.googleadservices.com failed. @ https://www.googleadservices.com/pagead/managed/js/activeview/current/reach_worklet.html:0
[    4443ms] [ERROR] Attestation check for Shared Storage on https://www.googleadservices.com failed. @ https://www.googleadservices.com/pagead/managed/js/activeview/current/reach_worklet.html:0
[    4707ms] [ERROR] Attestation check for Shared Storage on https://www.googleadservices.com failed. @ https://www.googleadservices.com/pagead/managed/js/activeview/current/reach_worklet.html:0
[    4860ms] [ERROR] Attestation check for Shared Storage on https://www.googleadservices.com failed. @ https://www.googleadservices.com/pagead/managed/js/activeview/current/reach_worklet.html:0
[    5226ms] [ERROR] Attestation check for Shared Storage on https://www.googleadservices.com failed. @ https://www.googleadservices.com/pagead/managed/js/activeview/current/reach_worklet.html:0
[    6457ms] [ERROR] Access to fetch at 'https://bpb.opendns.com/b/https/id.a-mx.com/sync?tao=1&&uid=ceef8c68-a2aa-47d9-81f7-e1dcc3a82025' (redirected from 'https://id.a-mx.com/sync?tao=1&&uid=ceef8c68-a2aa-47d9-81f7-e1dcc3a82025') from origin 'https://prebid.a-mo.net' has been blocked by CORS policy: The value of the 'Access-Control-Allow-Origin' header in the response must not be the wildcard '*' when the request's credentials mode is 'include'. @ https://prebid.a-mo.net/isyn?gdpr_consent=&gdpr=0&us_privacy=1---&gpp=&gpp_sid=:0
[    6457ms] [ERROR] Failed to load resource: net::ERR_FAILED @ https://bpb.opendns.com/b/https/id.a-mx.com/sync?tao=1&&uid=ceef8c68-a2aa-47d9-81f7-e1dcc3a82025:0
